Archive member included because of file (symbol)

/home/dirk/tutorial/glibc/glibc_build/elf/rtld-libc.a(rtld-check_fds.os)
                              /home/dirk/tutorial/glibc/glibc_build/elf/dl-allobjs.os (__libc_check_standard_fds)
/home/dirk/tutorial/glibc/glibc_build/elf/rtld-libc.a(rtld-errno.os)
                              /home/dirk/tutorial/glibc/glibc_build/elf/dl-allobjs.os (rtld_errno)
/home/dirk/tutorial/glibc/glibc_build/elf/rtld-libc.a(rtld-closedir.os)
                              /home/dirk/tutorial/glibc/glibc_build/elf/dl-allobjs.os (__closedir)
/home/dirk/tutorial/glibc/glibc_build/elf/rtld-libc.a(rtld-readdir.os)
                              /home/dirk/tutorial/glibc/glibc_build/elf/dl-allobjs.os (__readdir)
/home/dirk/tutorial/glibc/glibc_build/elf/rtld-libc.a(rtld-rewinddir.os)
                              /home/dirk/tutorial/glibc/glibc_build/elf/dl-allobjs.os (rewinddir)
/home/dirk/tutorial/glibc/glibc_build/elf/rtld-libc.a(rtld-getdents.os)
                              /home/dirk/tutorial/glibc/glibc_build/elf/rtld-libc.a(rtld-readdir.os) (__getdents)
/home/dirk/tutorial/glibc/glibc_build/elf/rtld-libc.a(rtld-fdopendir.os)
                              /home/dirk/tutorial/glibc/glibc_build/elf/dl-allobjs.os (__fdopendir)
/home/dirk/tutorial/glibc/glibc_build/elf/rtld-libc.a(rtld-profil.os)
                              /home/dirk/tutorial/glibc/glibc_build/elf/dl-allobjs.os (__profil)
/home/dirk/tutorial/glibc/glibc_build/elf/rtld-libc.a(rtld-prof-freq.os)
                              /home/dirk/tutorial/glibc/glibc_build/elf/dl-allobjs.os (__profile_frequency)
/home/dirk/tutorial/glibc/glibc_build/elf/rtld-libc.a(rtld-xstat64.os)
                              /home/dirk/tutorial/glibc/glibc_build/elf/dl-allobjs.os (__GI___xstat64)
/home/dirk/tutorial/glibc/glibc_build/elf/rtld-libc.a(rtld-fxstat64.os)
                              /home/dirk/tutorial/glibc/glibc_build/elf/dl-allobjs.os (__GI___fxstat64)
/home/dirk/tutorial/glibc/glibc_build/elf/rtld-libc.a(rtld-lxstat64.os)
                              /home/dirk/tutorial/glibc/glibc_build/elf/dl-allobjs.os (__GI___lxstat64)
/home/dirk/tutorial/glibc/glibc_build/elf/rtld-libc.a(rtld-open.os)
                              /home/dirk/tutorial/glibc/glibc_build/elf/dl-allobjs.os (__open)
/home/dirk/tutorial/glibc/glibc_build/elf/rtld-libc.a(rtld-close.os)
                              /home/dirk/tutorial/glibc/glibc_build/elf/dl-allobjs.os (__close)
/home/dirk/tutorial/glibc/glibc_build/elf/rtld-libc.a(rtld-read.os)
                              /home/dirk/tutorial/glibc/glibc_build/elf/dl-allobjs.os (__libc_read)
/home/dirk/tutorial/glibc/glibc_build/elf/rtld-libc.a(rtld-write.os)
                              /home/dirk/tutorial/glibc/glibc_build/elf/dl-allobjs.os (__libc_write)
/home/dirk/tutorial/glibc/glibc_build/elf/rtld-libc.a(rtld-lseek.os)
                              /home/dirk/tutorial/glibc/glibc_build/elf/dl-allobjs.os (__lseek)
/home/dirk/tutorial/glibc/glibc_build/elf/rtld-libc.a(rtld-access.os)
                              /home/dirk/tutorial/glibc/glibc_build/elf/dl-allobjs.os (__access)
/home/dirk/tutorial/glibc/glibc_build/elf/rtld-libc.a(rtld-fcntl.os)
                              /home/dirk/tutorial/glibc/glibc_build/elf/rtld-libc.a(rtld-check_fds.os) (__libc_fcntl)
/home/dirk/tutorial/glibc/glibc_build/elf/rtld-libc.a(rtld-getpagesize.os)
                              /home/dirk/tutorial/glibc/glibc_build/elf/dl-allobjs.os (getpagesize)
/home/dirk/tutorial/glibc/glibc_build/elf/rtld-libc.a(rtld-mmap.os)
                              /home/dirk/tutorial/glibc/glibc_build/elf/dl-allobjs.os (__mmap)
/home/dirk/tutorial/glibc/glibc_build/elf/rtld-libc.a(rtld-munmap.os)
                              /home/dirk/tutorial/glibc/glibc_build/elf/dl-allobjs.os (__munmap)
/home/dirk/tutorial/glibc/glibc_build/elf/rtld-libc.a(rtld-mprotect.os)
                              /home/dirk/tutorial/glibc/glibc_build/elf/dl-allobjs.os (__mprotect)
/home/dirk/tutorial/glibc/glibc_build/elf/rtld-libc.a(rtld-uname.os)
                              /home/dirk/tutorial/glibc/glibc_build/elf/dl-allobjs.os (__uname)
/home/dirk/tutorial/glibc/glibc_build/elf/rtld-libc.a(rtld-_exit.os)
                              /home/dirk/tutorial/glibc/glibc_build/elf/dl-allobjs.os (_exit)
/home/dirk/tutorial/glibc/glibc_build/elf/rtld-libc.a(rtld-getpid.os)
                              /home/dirk/tutorial/glibc/glibc_build/elf/dl-allobjs.os (__getpid)
/home/dirk/tutorial/glibc/glibc_build/elf/rtld-libc.a(rtld-environ.os)
                              /home/dirk/tutorial/glibc/glibc_build/elf/dl-allobjs.os (__environ)
/home/dirk/tutorial/glibc/glibc_build/elf/rtld-libc.a(rtld-setjmp.os)
                              /home/dirk/tutorial/glibc/glibc_build/elf/dl-allobjs.os (__sigsetjmp)
/home/dirk/tutorial/glibc/glibc_build/elf/rtld-libc.a(rtld-__longjmp.os)
[...]
Memory Configuration

Name             Origin             Length             Attributes
*default*        0x00000000         0xffffffff

Linker script and memory map

START GROUP
LOAD /home/dirk/tutorial/glibc/glibc_build/elf/dl-allobjs.os
LOAD /home/dirk/tutorial/glibc/glibc_build/elf/rtld-libc.a
LOAD /home/dirk/CodeSourcery/Sourcery_CodeBench_Lite_for_ARM_GNU_Linux/bin/../lib/gcc/arm-none-linux-gnueabi/4.6.1/libgcc.a
END GROUP

.interp
 *(.interp)

.note.gnu.build-id
 *(.note.gnu.build-id)

.hash
 *(.hash)

.gnu.hash
 *(.gnu.hash)

.dynsym
 *(.dynsym)

.dynstr
 *(.dynstr)

.gnu.version
 *(.gnu.version)

.gnu.version_d
 *(.gnu.version_d)

.gnu.version_r
 *(.gnu.version_r)

.rel.init
 *(.rel.init)

.rela.init
 *(.rela.init)

.rel.text
 *(.rel.text)

.rela.text
 *(.rela.text)

.rel.fini
 *(.rel.fini)

.rela.fini
 *(.rela.fini)

.rel.rodata
 *(.rel.rodata)

.rela.rodata
 *(.rela.rodata)

.rel.data.rel.ro
 *(.rel.data.rel.ro)

.rela.data.rel.ro
 *(.rela.data.rel.ro)

.rel.data
 *(.rel.data)

.rela.data
 *(.rela.data)

.rel.tdata
 *(.rel.tdata)

.rela.tdata
 *(.rela.tdata)

.rel.tbss
 *(.rel.tbss)

.rela.tbss
 *(.rela.tbss)

.rel.ctors
 *(.rel.ctors)

.rela.ctors
 *(.rela.ctors)

.rel.dtors
 *(.rel.dtors)

.rela.dtors
 *(.rela.dtors)

.rel.got
 *(.rel.got)

.rela.got
 *(.rela.got)

.rel.bss
 *(.rel.bss)

.rela.bss
 *(.rela.bss)

.rel.iplt
 *(.rel.iplt)

.rela.iplt
 *(.rela.iplt)

.rel.plt
 *(.rel.plt)

.rela.plt
 *(.rela.plt)

.init
 *(.init)

.plt
 *(.plt)

.iplt
 *(.iplt)

.text           0x00000000    0x1bab0
 *(.text .stub)
 .text          0x00000000    0x18634 /home/dirk/tutorial/glibc/glibc_build/elf/dl-allobjs.os
                0x00000000                _start
                0x00000010                _dl_start_user
                0x000000b0                _dl_initial_error_catch_tsd
                0x00006fb0                _dl_dst_count
                0x00007080                _dl_dst_substitute
                0x00007660                _dl_init_paths
                0x00007ae8                _dl_map_object
                0x00008438                _dl_rtld_di_serinfo
                0x000085dc                _dl_cache_libcmp
                0x000086ec                _dl_load_cache_lookup
                0x00008f2c                _dl_unload_cache
                0x00009928                _dl_lookup_symbol_x
                0x0000aba4                _dl_setup_hash
                0x0000ac54                _dl_add_to_namespace_list
                0x0000ad10                _dl_new_object
                0x0000b0f8                _dl_try_allocate_static_tls
                0x0000b1dc                _dl_allocate_static_tls
                0x0000b218                _dl_nothread_init_static_tls
                0x0000b2a0                _dl_protect_relro
                0x0000b318                _dl_reloc_bad_type
                0x0000b388                _dl_relocate_object
                0x0000d248                _dl_map_object_deps
                0x0000e624                _dl_fixup
                0x0000e838                _dl_profile_fixup
                0x0000edcc                _dl_call_pltexit
                0x0000eecc                _dl_signal_error
                0x0000f0b8                _dl_signal_cerror
                0x0000f170                _dl_catch_error
                0x0000f248                _dl_receive_error
                0x0000f420                _dl_init_internal
                0x0000f420                _dl_init
                0x0000f610                _dl_sort_fini
                0x0000f88c                _dl_fini
                0x0000fe1c                _dl_debug_state
                0x0000fe1c                __GI__dl_debug_state
                0x0000fe20                _dl_debug_initialize
                0x0001038c                _dl_sysdep_read_whole_file
                0x00010410                _dl_debug_printf
                0x00010454                _dl_debug_printf_c
                0x00010498                _dl_dprintf
                0x000104cc                _dl_name_match_p
                0x0001052c                _dl_higher_prime_number
                0x00010980                _dl_check_map_versions
                0x00010db8                _dl_check_all_versions
                0x00010e28                _dl_start_profile
                0x000116bc                _dl_mcount_internal
                0x000116bc                _dl_mcount
                0x00011b78                _dl_resolve_conflicts
                0x00011ed8                _dl_next_tls_modid
                0x00011ff8                _dl_determine_tlsoffset
                0x000124a8                __GI__dl_tls_setup
                0x000124a8                _dl_tls_setup
                0x0001256c                _dl_get_tls_static_info
                0x0001258c                _dl_allocate_tls_storage
                0x00012614                __GI__dl_allocate_tls_init
                0x00012614                _dl_allocate_tls_init
                0x00012810                __GI__dl_allocate_tls
                0x00012810                _dl_allocate_tls
                0x00012830                _dl_deallocate_tls
                0x00012830                __GI__dl_deallocate_tls
                0x000128dc                _dl_update_slotinfo
                0x00012bf0                __tls_get_addr
                0x00012c54                _dl_tls_get_addr_soft
                0x00012cf0                _dl_add_to_slotinfo
                0x00012dfc                _dl_get_origin
                0x00013014                _dl_scope_free
                0x000130fc                _dl_make_stack_executable
                0x000130fc                __GI__dl_make_stack_executable
                0x000131a8                _dl_check_caller
                0x00013644                _dl_open
                0x00013a28                _dl_show_scope
                0x00013b8c                _dl_addr_inside_object
                0x0001498c                _dl_close_worker
                0x00015980                _dl_close
                0x00015a40                _dl_runtime_resolve
                0x00015a64                _dl_runtime_profile
                0x00015b28                _dl_sysdep_start
                0x00015ed8                _dl_sysdep_start_cleanup
                0x00015edc                _dl_show_auxv
                0x00016150                _dl_important_hwcaps
                0x00016aec                _dl_discover_osversion
                0x00016cd8                _dl_next_ld_env_entry
                0x00016d30                unsetenv
                0x00016dc8                __libc_memalign
                0x00016f14                malloc
                0x00016f20                calloc
                0x00016f70                free
                0x00016fa8                __sigjmp_save
                0x00016fb8                __GI___assert_fail
                0x00016fb8                __assert_fail
                0x0001701c                realloc
                0x000170a0                __strtoul_internal
                0x00017238                _itoa
                0x000172e4                __strerror_r
                0x00017404                __GI___assert_perror_fail
                0x00017404                __assert_perror_fail
                0x00017474                __strsep
                0x00017474                strsep
                0x00017474                __strsep_g
                0x00017520                __GI___chk_fail
                0x00017520                __chk_fail
                0x00017530                __aeabi_read_tp
                0x00017540                __brk
                0x00017540                brk
                0x000175c8                sbrk
                0x000175c8                __sbrk
                0x00017c1c                __getcwd
                0x00017c1c                getcwd
                0x00017ccc                openat64
                0x00017d4c                __alloc_dir
                0x00017e20                __opendirat
                0x00017edc                __opendir
                0x00017edc                opendir
                0x00017ee8                __fxstatat64
                0x00017f58                __aeabi_unwind_cpp_pr0
                0x00017f5c                __aeabi_unwind_cpp_pr1
                0x00017f60                __aeabi_unwind_cpp_pr2
                0x00017f64                _dl_make_tlsdesc_dynamic
                0x000182b8                _dl_tlsdesc_lazy_resolver_fixup
                0x00018490                _dl_tlsdesc_resolve_hold_fixup
                0x000184d0                _dl_unmap
                0x00018590                _dl_tlsdesc_return
                0x00018598                _dl_tlsdesc_undefweak
                0x000185ac                _dl_tlsdesc_dynamic
                0x00018600                _dl_tlsdesc_lazy_resolver
                0x00018618                _dl_tlsdesc_resolve_hold
 .text          0x00018634      0x124 /home/dirk/tutorial/glibc/glibc_build/elf/rtld-libc.a(rtld-check_fds.os)
                0x00018728                __libc_check_standard_fds
 .text          0x00018758        0x0 /home/dirk/tutorial/glibc/glibc_build/elf/rtld-libc.a(rtld-errno.os)
 .text          0x00018758       0x60 /home/dirk/tutorial/glibc/glibc_build/elf/rtld-libc.a(rtld-closedir.os)
                0x00018758                __closedir
                0x00018758                closedir
 .text          0x000187b8       0xb4 /home/dirk/tutorial/glibc/glibc_build/elf/rtld-libc.a(rtld-readdir.os)
                0x000187b8                readdir
                0x000187b8                __readdir
 .text          0x0001886c       0x2c /home/dirk/tutorial/glibc/glibc_build/elf/rtld-libc.a(rtld-rewinddir.os)
                0x0001886c                rewinddir
 .text          0x00018898       0x88 /home/dirk/tutorial/glibc/glibc_build/elf/rtld-libc.a(rtld-getdents.os)
                0x00018898                __getdents
 .text          0x00018920       0xb0 /home/dirk/tutorial/glibc/glibc_build/elf/rtld-libc.a(rtld-fdopendir.os)
                0x00018920                fdopendir
                0x00018920                __fdopendir
 .text          0x000189d0      0x120 /home/dirk/tutorial/glibc/glibc_build/elf/rtld-libc.a(rtld-profil.os)
                0x000189d0                profil_counter
                0x00018a20                __profil
                0x00018a20                profil
 .text          0x00018af0       0x14 /home/dirk/tutorial/glibc/glibc_build/elf/rtld-libc.a(rtld-prof-freq.os)
                0x00018af0                __profile_frequency
 .text          0x00018b04       0x40 /home/dirk/tutorial/glibc/glibc_build/elf/rtld-libc.a(rtld-xstat64.os)
                0x00018b04                ___xstat64
                0x00018b04                __xstat64
                0x00018b04                __GI___xstat64
 .text          0x00018b44       0x40 /home/dirk/tutorial/glibc/glibc_build/elf/rtld-libc.a(rtld-fxstat64.os)
                0x00018b44                ___fxstat64
                0x00018b44                __GI___fxstat64
                0x00018b44                __fxstat64
 .text          0x00018b84       0x40 /home/dirk/tutorial/glibc/glibc_build/elf/rtld-libc.a(rtld-lxstat64.os)
                0x00018b84                ___lxstat64
                0x00018b84                __lxstat64
                0x00018b84                __GI___lxstat64
 *fill*         0x00018bc4        0xc 00000000
 .text          0x00018bd0       0x40 /home/dirk/tutorial/glibc/glibc_build/elf/rtld-libc.a(rtld-open.os)
                0x00018bd0                __open
                0x00018bd0                __libc_open
                0x00018bd0                open
 .text          0x00018c10       0x40 /home/dirk/tutorial/glibc/glibc_build/elf/rtld-libc.a(rtld-close.os)
                0x00018c10                __libc_close
                0x00018c10                __close
                0x00018c10                close
 .text          0x00018c50       0x40 /home/dirk/tutorial/glibc/glibc_build/elf/rtld-libc.a(rtld-read.os)
                0x00018c50                __read
                0x00018c50                __libc_read
                0x00018c50                read
 .text          0x00018c90       0x40 /home/dirk/tutorial/glibc/glibc_build/elf/rtld-libc.a(rtld-write.os)
                0x00018c90                __write
                0x00018c90                write
                0x00018c90                __libc_write
 .text          0x00018cd0       0x40 /home/dirk/tutorial/glibc/glibc_build/elf/rtld-libc.a(rtld-lseek.os)
                0x00018cd0                lseek
                0x00018cd0                __lseek
                0x00018cd0                __libc_lseek
 .text          0x00018d10       0x40 /home/dirk/tutorial/glibc/glibc_build/elf/rtld-libc.a(rtld-access.os)
                0x00018d10                access
                0x00018d10                __access
 .text          0x00018d50       0x58 /home/dirk/tutorial/glibc/glibc_build/elf/rtld-libc.a(rtld-fcntl.os)
                0x00018d50                __libc_fcntl
                0x00018d50                __fcntl
                0x00018d50                fcntl
 .text          0x00018da8       0x48 /home/dirk/tutorial/glibc/glibc_build/elf/rtld-libc.a(rtld-getpagesize.os)
                0x00018da8                getpagesize
                0x00018da8                __getpagesize
 .text          0x00018df0       0x60 /home/dirk/tutorial/glibc/glibc_build/elf/rtld-libc.a(rtld-mmap.os)
                0x00018df0                __mmap
                0x00018df0                mmap
 .text          0x00018e50       0x40 /home/dirk/tutorial/glibc/glibc_build/elf/rtld-libc.a(rtld-munmap.os)
                0x00018e50                munmap
                0x00018e50                __munmap
 .text          0x00018e90       0x40 /home/dirk/tutorial/glibc/glibc_build/elf/rtld-libc.a(rtld-mprotect.os)
                0x00018e90                __mprotect
                0x00018e90                mprotect
 .text          0x00018ed0       0x40 /home/dirk/tutorial/glibc/glibc_build/elf/rtld-libc.a(rtld-uname.os)
                0x00018ed0                uname
                0x00018ed0                __uname
 .text          0x00018f10       0x58 /home/dirk/tutorial/glibc/glibc_build/elf/rtld-libc.a(rtld-_exit.os)
                0x00018f10                _Exit
                0x00018f10                _exit
 .text          0x00018f68       0x14 /home/dirk/tutorial/glibc/glibc_build/elf/rtld-libc.a(rtld-getpid.os)
                0x00018f68                __getpid
                0x00018f68                getpid
 .text          0x00018f7c        0x0 /home/dirk/tutorial/glibc/glibc_build/elf/rtld-libc.a(rtld-environ.os)
 *fill*         0x00018f7c        0x4 00000000
 .text          0x00018f80       0x60 /home/dirk/tutorial/glibc/glibc_build/elf/rtld-libc.a(rtld-setjmp.os)
                0x00018f80                __sigsetjmp
                0x00018f80                __GI___sigsetjmp
 .text          0x00018fe0       0x70 /home/dirk/tutorial/glibc/glibc_build/elf/rtld-libc.a(rtld-__longjmp.os)
                0x00018fe0                __longjmp
 .text          0x00019050      0x1b8 /home/dirk/tutorial/glibc/glibc_build/elf/rtld-libc.a(rtld-sigaction.os)
                0x00019050                __libc_sigaction
                0x000191dc                sigaction
                0x000191dc                __sigaction
 *fill*         0x00019208        0x8 00000000
 .text          0x00019210       0x50 /home/dirk/tutorial/glibc/glibc_build/elf/rtld-libc.a(rtld-sigrestorer.os)
                0x00019220                __default_sa_restorer_v1
                0x00019230                __default_sa_restorer_v2
                0x00019240                __default_rt_sa_restorer_v1
                0x00019250                __default_rt_sa_restorer_v2
 .text          0x00019260      0x130 /home/dirk/tutorial/glibc/glibc_build/elf/rtld-libc.a(rtld-strchr.os)
                0x00019260                index
                0x00019260                strchr
 .text          0x00019390       0x28 /home/dirk/tutorial/glibc/glibc_build/elf/rtld-libc.a(rtld-strcmp.os)
                0x00019390                strcmp
 .text          0x000193b8       0x1c /home/dirk/tutorial/glibc/glibc_build/elf/rtld-libc.a(rtld-strcpy.os)
                0x000193b8                strcpy
 *fill*         0x000193d4        0xc 00000000
 .text          0x000193e0       0x60 /home/dirk/tutorial/glibc/glibc_build/elf/rtld-libc.a(rtld-strlen.os)
                0x000193e0                strlen
 .text          0x00019440      0x23c /home/dirk/tutorial/glibc/glibc_build/elf/rtld-libc.a(rtld-strnlen.os)
                0x00019440                __strnlen
                0x00019440                strnlen
 .text          0x0001967c      0x318 /home/dirk/tutorial/glibc/glibc_build/elf/rtld-libc.a(rtld-memchr.os)
                0x0001967c                memchr
                0x0001967c                __memchr
 .text          0x00019994      0x430 /home/dirk/tutorial/glibc/glibc_build/elf/rtld-libc.a(rtld-memcmp.os)
                0x00019994                bcmp
                0x00019994                memcmp
 *fill*         0x00019dc4        0xc 00000000
 .text          0x00019dd0      0x340 /home/dirk/tutorial/glibc/glibc_build/elf/rtld-libc.a(rtld-memmove.os)
                0x00019dd0                memmove
 .text          0x0001a110       0x80 /home/dirk/tutorial/glibc/glibc_build/elf/rtld-libc.a(rtld-memset.os)
                0x0001a110                memset
 .text          0x0001a190      0x130 /home/dirk/tutorial/glibc/glibc_build/elf/rtld-libc.a(rtld-mempcpy.os)
                0x0001a190                mempcpy
                0x0001a190                __mempcpy
 .text          0x0001a2c0       0x24 /home/dirk/tutorial/glibc/glibc_build/elf/rtld-libc.a(rtld-stpcpy.os)
                0x0001a2c0                stpcpy
                0x0001a2c0                __stpcpy
 *fill*         0x0001a2e4        0xc 00000000
 .text          0x0001a2f0      0x330 /home/dirk/tutorial/glibc/glibc_build/elf/rtld-libc.a(rtld-memcpy.os)
                0x0001a2f0                memcpy
 .text          0x0001a620      0x448 /home/dirk/tutorial/glibc/glibc_build/elf/rtld-libc.a(rtld-wordcopy.os)
                0x0001a620                _wordcopy_fwd_aligned
                0x0001a748                _wordcopy_fwd_dest_aligned
                0x0001a848                _wordcopy_bwd_aligned
                0x0001a970                _wordcopy_bwd_dest_aligned
 .text          0x0001aa68       0xdc /home/dirk/tutorial/glibc/glibc_build/elf/rtld-libc.a(rtld-rawmemchr.os)
                0x0001aa68                __rawmemchr
                0x0001aa68                rawmemchr
 *fill*         0x0001ab44        0xc 00000000
 .text          0x0001ab50       0x40 /home/dirk/tutorial/glibc/glibc_build/elf/rtld-libc.a(rtld-setitimer.os)
                0x0001ab50                setitimer
                0x0001ab50                __setitimer
 .text          0x0001ab90       0x20 /home/dirk/tutorial/glibc/glibc_build/elf/rtld-libc.a(rtld-sysdep.os)
                0x0001ab90                __syscall_error
 .text          0x0001abb0      0x20c /home/dirk/CodeSourcery/Sourcery_CodeBench_Lite_for_ARM_GNU_Linux/bin/../lib/gcc/arm-none-linux-gnueabi/4.6.1/libgcc.a(_udivsi3.o)
                0x0001abb0                __udivsi3
                0x0001abb0                __aeabi_uidiv
                0x0001ad9c                __aeabi_uidivmod
 .text          0x0001adbc      0x240 /home/dirk/CodeSourcery/Sourcery_CodeBench_Lite_for_ARM_GNU_Linux/bin/../lib/gcc/arm-none-linux-gnueabi/4.6.1/libgcc.a(_divsi3.o)
                0x0001adbc                __aeabi_idiv
                0x0001adbc                __divsi3
                0x0001afdc                __aeabi_idivmod
 .text          0x0001affc       0x3c /home/dirk/CodeSourcery/Sourcery_CodeBench_Lite_for_ARM_GNU_Linux/bin/../lib/gcc/arm-none-linux-gnueabi/4.6.1/libgcc.a(_aeabi_uldivmod.o)
                0x0001affc                __aeabi_uldivmod
 .text          0x0001b038       0x10 /home/dirk/CodeSourcery/Sourcery_CodeBench_Lite_for_ARM_GNU_Linux/bin/../lib/gcc/arm-none-linux-gnueabi/4.6.1/libgcc.a(_dvmd_lnx.o)
                0x0001b038                __aeabi_ldiv0
                0x0001b038                __aeabi_idiv0
 .text          0x0001b048       0x78 /home/dirk/CodeSourcery/Sourcery_CodeBench_Lite_for_ARM_GNU_Linux/bin/../lib/gcc/arm-none-linux-gnueabi/4.6.1/libgcc.a(bpabi.o)
                0x0001b048                __gnu_ldivmod_helper
                0x0001b084                __gnu_uldivmod_helper
 .text          0x0001b0c0      0x4d0 /home/dirk/CodeSourcery/Sourcery_CodeBench_Lite_for_ARM_GNU_Linux/bin/../lib/gcc/arm-none-linux-gnueabi/4.6.1/libgcc.a(_divdi3.o)
                0x0001b0c0                __divdi3
 .text          0x0001b590      0x474 /home/dirk/CodeSourcery/Sourcery_CodeBench_Lite_for_ARM_GNU_Linux/bin/../lib/gcc/arm-none-linux-gnueabi/4.6.1/libgcc.a(_udivdi3.o)
                0x0001b590                __udivdi3
 .text          0x0001ba04       0xac /home/dirk/tutorial/glibc/glibc_build/elf/rtld-libc.a(rtld-raise.os)
                0x0001ba04                gsignal
                0x0001ba04                raise
 *(.gnu.warning)

.text.unlikely  0x00000000      0x824
 .text.unlikely
                0x00000000      0x824 /home/dirk/tutorial/glibc/glibc_build/elf/dl-allobjs.os

.fini
 *(.fini)

.rodata         0x00000000      0x778
 *(.rodata)
 .rodata        0x00000000      0x778 /home/dirk/tutorial/glibc/glibc_build/elf/dl-allobjs.os
                0x00000768                __GI__itoa_lower_digits
                0x00000768                _itoa_lower_digits

.ARM.extab.text.unlikely
                0x00000000       0x18
 .ARM.extab.text.unlikely
                0x00000000       0x18 /home/dirk/tutorial/glibc/glibc_build/elf/dl-allobjs.os

.ARM.exidx.text.unlikely
                0x00000000       0x48
 .ARM.exidx.text.unlikely
                0x00000000       0x48 /home/dirk/tutorial/glibc/glibc_build/elf/dl-allobjs.os

.rodata.str1.4  0x00000000     0x36c8
 .rodata.str1.4
                0x00000000     0x3650 /home/dirk/tutorial/glibc/glibc_build/elf/dl-allobjs.os
 .rodata.str1.4
                0x00003650       0x18 /home/dirk/tutorial/glibc/glibc_build/elf/rtld-libc.a(rtld-check_fds.os)
 .rodata.str1.4
                0x00003668       0x60 /home/dirk/tutorial/glibc/glibc_build/elf/rtld-libc.a(rtld-getpagesize.os)

.rodata.cst4    0x00000000        0x4
 .rodata.cst4   0x00000000        0x4 /home/dirk/tutorial/glibc/glibc_build/elf/dl-allobjs.os

.rodata1
 *(.rodata1)

.ARM.extab      0x00000000      0x120
 *(.ARM.extab)
 .ARM.extab     0x00000000       0xc0 /home/dirk/tutorial/glibc/glibc_build/elf/dl-allobjs.os
 .ARM.extab     0x000000c0        0xc /home/dirk/tutorial/glibc/glibc_build/elf/rtld-libc.a(rtld-check_fds.os)
 .ARM.extab     0x000000cc        0xc /home/dirk/tutorial/glibc/glibc_build/elf/rtld-libc.a(rtld-closedir.os)
 .ARM.extab     0x000000d8        0x0 /home/dirk/tutorial/glibc/glibc_build/elf/rtld-libc.a(rtld-readdir.os)
 .ARM.extab     0x000000d8        0x0 /home/dirk/tutorial/glibc/glibc_build/elf/rtld-libc.a(rtld-rewinddir.os)
 .ARM.extab     0x000000d8        0x0 /home/dirk/tutorial/glibc/glibc_build/elf/rtld-libc.a(rtld-getdents.os)
 .ARM.extab     0x000000d8        0x0 /home/dirk/tutorial/glibc/glibc_build/elf/rtld-libc.a(rtld-fdopendir.os)
 .ARM.extab     0x000000d8        0x0 /home/dirk/tutorial/glibc/glibc_build/elf/rtld-libc.a(rtld-profil.os)
 .ARM.extab     0x000000d8        0x0 /home/dirk/tutorial/glibc/glibc_build/elf/rtld-libc.a(rtld-prof-freq.os)
 .ARM.extab     0x000000d8        0x0 /home/dirk/tutorial/glibc/glibc_build/elf/rtld-libc.a(rtld-xstat64.os)
 .ARM.extab     0x000000d8        0x0 /home/dirk/tutorial/glibc/glibc_build/elf/rtld-libc.a(rtld-fxstat64.os)
 .ARM.extab     0x000000d8        0x0 /home/dirk/tutorial/glibc/glibc_build/elf/rtld-libc.a(rtld-lxstat64.os)
 .ARM.extab     0x000000d8        0x0 /home/dirk/tutorial/glibc/glibc_build/elf/rtld-libc.a(rtld-open.os)
 .ARM.extab     0x000000d8        0x0 /home/dirk/tutorial/glibc/glibc_build/elf/rtld-libc.a(rtld-close.os)
 .ARM.extab     0x000000d8        0x0 /home/dirk/tutorial/glibc/glibc_build/elf/rtld-libc.a(rtld-read.os)
 .ARM.extab     0x000000d8        0x0 /home/dirk/tutorial/glibc/glibc_build/elf/rtld-libc.a(rtld-write.os)
 .ARM.extab     0x000000d8        0x0 /home/dirk/tutorial/glibc/glibc_build/elf/rtld-libc.a(rtld-lseek.os)
 .ARM.extab     0x000000d8        0x0 /home/dirk/tutorial/glibc/glibc_build/elf/rtld-libc.a(rtld-access.os)
 .ARM.extab     0x000000d8        0xc /home/dirk/tutorial/glibc/glibc_build/elf/rtld-libc.a(rtld-fcntl.os)
 .ARM.extab     0x000000e4        0xc /home/dirk/tutorial/glibc/glibc_build/elf/rtld-libc.a(rtld-getpagesize.os)
 .ARM.extab     0x000000f0        0x0 /home/dirk/tutorial/glibc/glibc_build/elf/rtld-libc.a(rtld-mmap.os)
 .ARM.extab     0x000000f0        0x0 /home/dirk/tutorial/glibc/glibc_build/elf/rtld-libc.a(rtld-munmap.os)
 .ARM.extab     0x000000f0        0x0 /home/dirk/tutorial/glibc/glibc_build/elf/rtld-libc.a(rtld-mprotect.os)
 .ARM.extab     0x000000f0        0x0 /home/dirk/tutorial/glibc/glibc_build/elf/rtld-libc.a(rtld-uname.os)
 .ARM.extab     0x000000f0        0x0 /home/dirk/tutorial/glibc/glibc_build/elf/rtld-libc.a(rtld-_exit.os)
 .ARM.extab     0x000000f0        0x0 /home/dirk/tutorial/glibc/glibc_build/elf/rtld-libc.a(rtld-getpid.os)
 .ARM.extab     0x000000f0        0x0 /home/dirk/tutorial/glibc/glibc_build/elf/rtld-libc.a(rtld-sigaction.os)
 .ARM.extab     0x000000f0       0x30 /home/dirk/tutorial/glibc/glibc_build/elf/rtld-libc.a(rtld-sigrestorer.os)
 .ARM.extab     0x00000120        0x0 /home/dirk/tutorial/glibc/glibc_build/elf/rtld-libc.a(rtld-strchr.os)
 .ARM.extab     0x00000120        0x0 /home/dirk/tutorial/glibc/glibc_build/elf/rtld-libc.a(rtld-strcmp.os)
 .ARM.extab     0x00000120        0x0 /home/dirk/tutorial/glibc/glibc_build/elf/rtld-libc.a(rtld-strcpy.os)
 .ARM.extab     0x00000120        0x0 /home/dirk/tutorial/glibc/glibc_build/elf/rtld-libc.a(rtld-strnlen.os)
 .ARM.extab     0x00000120        0x0 /home/dirk/tutorial/glibc/glibc_build/elf/rtld-libc.a(rtld-memchr.os)
 .ARM.extab     0x00000120        0x0 /home/dirk/tutorial/glibc/glibc_build/elf/rtld-libc.a(rtld-memcmp.os)
 .ARM.extab     0x00000120        0x0 /home/dirk/tutorial/glibc/glibc_build/elf/rtld-libc.a(rtld-mempcpy.os)
 .ARM.extab     0x00000120        0x0 /home/dirk/tutorial/glibc/glibc_build/elf/rtld-libc.a(rtld-stpcpy.os)
 .ARM.extab     0x00000120        0x0 /home/dirk/tutorial/glibc/glibc_build/elf/rtld-libc.a(rtld-wordcopy.os)
 .ARM.extab     0x00000120        0x0 /home/dirk/tutorial/glibc/glibc_build/elf/rtld-libc.a(rtld-rawmemchr.os)
 .ARM.extab     0x00000120        0x0 /home/dirk/tutorial/glibc/glibc_build/elf/rtld-libc.a(rtld-setitimer.os)
 .ARM.extab     0x00000120        0x0 /home/dirk/CodeSourcery/Sourcery_CodeBench_Lite_for_ARM_GNU_Linux/bin/../lib/gcc/arm-none-linux-gnueabi/4.6.1/libgcc.a(bpabi.o)
 .ARM.extab     0x00000120        0x0 /home/dirk/CodeSourcery/Sourcery_CodeBench_Lite_for_ARM_GNU_Linux/bin/../lib/gcc/arm-none-linux-gnueabi/4.6.1/libgcc.a(_divdi3.o)
 .ARM.extab     0x00000120        0x0 /home/dirk/CodeSourcery/Sourcery_CodeBench_Lite_for_ARM_GNU_Linux/bin/../lib/gcc/arm-none-linux-gnueabi/4.6.1/libgcc.a(_udivdi3.o)
 .ARM.extab     0x00000120        0x0 /home/dirk/tutorial/glibc/glibc_build/elf/rtld-libc.a(rtld-raise.os)

.ARM.exidx      0x00000000      0x628
 *(.ARM.exidx)
 .ARM.exidx     0x00000000      0x488 /home/dirk/tutorial/glibc/glibc_build/elf/dl-allobjs.os
 .ARM.exidx     0x00000488       0x10 /home/dirk/tutorial/glibc/glibc_build/elf/rtld-libc.a(rtld-check_fds.os)
 .ARM.exidx     0x00000498        0x8 /home/dirk/tutorial/glibc/glibc_build/elf/rtld-libc.a(rtld-closedir.os)
 .ARM.exidx     0x000004a0        0x8 /home/dirk/tutorial/glibc/glibc_build/elf/rtld-libc.a(rtld-readdir.os)
 .ARM.exidx     0x000004a8        0x8 /home/dirk/tutorial/glibc/glibc_build/elf/rtld-libc.a(rtld-rewinddir.os)
 .ARM.exidx     0x000004b0        0x8 /home/dirk/tutorial/glibc/glibc_build/elf/rtld-libc.a(rtld-getdents.os)
 .ARM.exidx     0x000004b8        0x8 /home/dirk/tutorial/glibc/glibc_build/elf/rtld-libc.a(rtld-fdopendir.os)
 .ARM.exidx     0x000004c0       0x10 /home/dirk/tutorial/glibc/glibc_build/elf/rtld-libc.a(rtld-profil.os)
 .ARM.exidx     0x000004d0        0x8 /home/dirk/tutorial/glibc/glibc_build/elf/rtld-libc.a(rtld-prof-freq.os)
 .ARM.exidx     0x000004d8        0x8 /home/dirk/tutorial/glibc/glibc_build/elf/rtld-libc.a(rtld-xstat64.os)
 .ARM.exidx     0x000004e0        0x8 /home/dirk/tutorial/glibc/glibc_build/elf/rtld-libc.a(rtld-fxstat64.os)
 .ARM.exidx     0x000004e8        0x8 /home/dirk/tutorial/glibc/glibc_build/elf/rtld-libc.a(rtld-lxstat64.os)
 .ARM.exidx     0x000004f0        0x8 /home/dirk/tutorial/glibc/glibc_build/elf/rtld-libc.a(rtld-open.os)
 .ARM.exidx     0x000004f8        0x8 /home/dirk/tutorial/glibc/glibc_build/elf/rtld-libc.a(rtld-close.os)
 .ARM.exidx     0x00000500        0x8 /home/dirk/tutorial/glibc/glibc_build/elf/rtld-libc.a(rtld-read.os)
 .ARM.exidx     0x00000508        0x8 /home/dirk/tutorial/glibc/glibc_build/elf/rtld-libc.a(rtld-write.os)
 .ARM.exidx     0x00000510        0x8 /home/dirk/tutorial/glibc/glibc_build/elf/rtld-libc.a(rtld-lseek.os)
 .ARM.exidx     0x00000518        0x8 /home/dirk/tutorial/glibc/glibc_build/elf/rtld-libc.a(rtld-access.os)
 .ARM.exidx     0x00000520        0x8 /home/dirk/tutorial/glibc/glibc_build/elf/rtld-libc.a(rtld-fcntl.os)
 .ARM.exidx     0x00000528        0x8 /home/dirk/tutorial/glibc/glibc_build/elf/rtld-libc.a(rtld-getpagesize.os)
 .ARM.exidx     0x00000530        0x8 /home/dirk/tutorial/glibc/glibc_build/elf/rtld-libc.a(rtld-mmap.os)
 .ARM.exidx     0x00000538        0x8 /home/dirk/tutorial/glibc/glibc_build/elf/rtld-libc.a(rtld-munmap.os)
 .ARM.exidx     0x00000540        0x8 /home/dirk/tutorial/glibc/glibc_build/elf/rtld-libc.a(rtld-mprotect.os)
 .ARM.exidx     0x00000548        0x8 /home/dirk/tutorial/glibc/glibc_build/elf/rtld-libc.a(rtld-uname.os)
 .ARM.exidx     0x00000550        0x8 /home/dirk/tutorial/glibc/glibc_build/elf/rtld-libc.a(rtld-_exit.os)
 .ARM.exidx     0x00000558        0x8 /home/dirk/tutorial/glibc/glibc_build/elf/rtld-libc.a(rtld-getpid.os)
 .ARM.exidx     0x00000560       0x10 /home/dirk/tutorial/glibc/glibc_build/elf/rtld-libc.a(rtld-sigaction.os)
 .ARM.exidx     0x00000570       0x20 /home/dirk/tutorial/glibc/glibc_build/elf/rtld-libc.a(rtld-sigrestorer.os)
 .ARM.exidx     0x00000590        0x8 /home/dirk/tutorial/glibc/glibc_build/elf/rtld-libc.a(rtld-strchr.os)
 .ARM.exidx     0x00000598        0x8 /home/dirk/tutorial/glibc/glibc_build/elf/rtld-libc.a(rtld-strcmp.os)
 .ARM.exidx     0x000005a0        0x8 /home/dirk/tutorial/glibc/glibc_build/elf/rtld-libc.a(rtld-strcpy.os)
 .ARM.exidx     0x000005a8        0x8 /home/dirk/tutorial/glibc/glibc_build/elf/rtld-libc.a(rtld-strnlen.os)
 .ARM.exidx     0x000005b0        0x8 /home/dirk/tutorial/glibc/glibc_build/elf/rtld-libc.a(rtld-memchr.os)
 .ARM.exidx     0x000005b8        0x8 /home/dirk/tutorial/glibc/glibc_build/elf/rtld-libc.a(rtld-memcmp.os)
 .ARM.exidx     0x000005c0        0x8 /home/dirk/tutorial/glibc/glibc_build/elf/rtld-libc.a(rtld-mempcpy.os)
 .ARM.exidx     0x000005c8        0x8 /home/dirk/tutorial/glibc/glibc_build/elf/rtld-libc.a(rtld-stpcpy.os)
 .ARM.exidx     0x000005d0       0x20 /home/dirk/tutorial/glibc/glibc_build/elf/rtld-libc.a(rtld-wordcopy.os)
 .ARM.exidx     0x000005f0        0x8 /home/dirk/tutorial/glibc/glibc_build/elf/rtld-libc.a(rtld-rawmemchr.os)
 .ARM.exidx     0x000005f8        0x8 /home/dirk/tutorial/glibc/glibc_build/elf/rtld-libc.a(rtld-setitimer.os)
 .ARM.exidx     0x00000600       0x10 /home/dirk/CodeSourcery/Sourcery_CodeBench_Lite_for_ARM_GNU_Linux/bin/../lib/gcc/arm-none-linux-gnueabi/4.6.1/libgcc.a(bpabi.o)
 .ARM.exidx     0x00000610        0x8 /home/dirk/CodeSourcery/Sourcery_CodeBench_Lite_for_ARM_GNU_Linux/bin/../lib/gcc/arm-none-linux-gnueabi/4.6.1/libgcc.a(_divdi3.o)
 .ARM.exidx     0x00000618        0x8 /home/dirk/CodeSourcery/Sourcery_CodeBench_Lite_for_ARM_GNU_Linux/bin/../lib/gcc/arm-none-linux-gnueabi/4.6.1/libgcc.a(_udivdi3.o)
 .ARM.exidx     0x00000620        0x8 /home/dirk/tutorial/glibc/glibc_build/elf/rtld-libc.a(rtld-raise.os)

.eh_frame_hdr
 *(.eh_frame_hdr)

.eh_frame
 *(.eh_frame)

.gcc_except_table
 *(.gcc_except_table .gcc_except_table.*)

.exception_ranges
 *(.exception_ranges .exception_ranges*)

.eh_frame
 *(.eh_frame)

.gcc_except_table
 *(.gcc_except_table .gcc_except_table.*)

.exception_ranges
 *(.exception_ranges .exception_ranges*)

.tdata
 *(.tdata)

.tbss
 *(.tbss)

.preinit_array
 *(.preinit_array)

.jcr
 *(.jcr)

.dynamic
 *(.dynamic)

.got
 *(.got.plt)
 *(.igot.plt)
 *(.got)
 *(.igot)

.data           0x00000000      0x830
 *(.data)
 .data          0x00000000      0x830 /home/dirk/tutorial/glibc/glibc_build/elf/dl-allobjs.os
                0x00000000                _rtld_global
                0x00000000                _rtld_local
 .data          0x00000830        0x0 /home/dirk/tutorial/glibc/glibc_build/elf/rtld-libc.a(rtld-check_fds.os)
 .data          0x00000830        0x0 /home/dirk/tutorial/glibc/glibc_build/elf/rtld-libc.a(rtld-errno.os)
 .data          0x00000830        0x0 /home/dirk/tutorial/glibc/glibc_build/elf/rtld-libc.a(rtld-closedir.os)
 .data          0x00000830        0x0 /home/dirk/tutorial/glibc/glibc_build/elf/rtld-libc.a(rtld-readdir.os)
 .data          0x00000830        0x0 /home/dirk/tutorial/glibc/glibc_build/elf/rtld-libc.a(rtld-rewinddir.os)
 .data          0x00000830        0x0 /home/dirk/tutorial/glibc/glibc_build/elf/rtld-libc.a(rtld-getdents.os)
 .data          0x00000830        0x0 /home/dirk/tutorial/glibc/glibc_build/elf/rtld-libc.a(rtld-fdopendir.os)
 .data          0x00000830        0x0 /home/dirk/tutorial/glibc/glibc_build/elf/rtld-libc.a(rtld-profil.os)
 .data          0x00000830        0x0 /home/dirk/tutorial/glibc/glibc_build/elf/rtld-libc.a(rtld-prof-freq.os)
 .data          0x00000830        0x0 /home/dirk/tutorial/glibc/glibc_build/elf/rtld-libc.a(rtld-xstat64.os)
 .data          0x00000830        0x0 /home/dirk/tutorial/glibc/glibc_build/elf/rtld-libc.a(rtld-fxstat64.os)
 .data          0x00000830        0x0 /home/dirk/tutorial/glibc/glibc_build/elf/rtld-libc.a(rtld-lxstat64.os)
 .data          0x00000830        0x0 /home/dirk/tutorial/glibc/glibc_build/elf/rtld-libc.a(rtld-open.os)
 .data          0x00000830        0x0 /home/dirk/tutorial/glibc/glibc_build/elf/rtld-libc.a(rtld-close.os)
 .data          0x00000830        0x0 /home/dirk/tutorial/glibc/glibc_build/elf/rtld-libc.a(rtld-read.os)
 .data          0x00000830        0x0 /home/dirk/tutorial/glibc/glibc_build/elf/rtld-libc.a(rtld-write.os)
 .data          0x00000830        0x0 /home/dirk/tutorial/glibc/glibc_build/elf/rtld-libc.a(rtld-lseek.os)
 .data          0x00000830        0x0 /home/dirk/tutorial/glibc/glibc_build/elf/rtld-libc.a(rtld-access.os)
 .data          0x00000830        0x0 /home/dirk/tutorial/glibc/glibc_build/elf/rtld-libc.a(rtld-fcntl.os)
 .data          0x00000830        0x0 /home/dirk/tutorial/glibc/glibc_build/elf/rtld-libc.a(rtld-getpagesize.os)
 .data          0x00000830        0x0 /home/dirk/tutorial/glibc/glibc_build/elf/rtld-libc.a(rtld-mmap.os)
 .data          0x00000830        0x0 /home/dirk/tutorial/glibc/glibc_build/elf/rtld-libc.a(rtld-munmap.os)
 .data          0x00000830        0x0 /home/dirk/tutorial/glibc/glibc_build/elf/rtld-libc.a(rtld-mprotect.os)
 .data          0x00000830        0x0 /home/dirk/tutorial/glibc/glibc_build/elf/rtld-libc.a(rtld-uname.os)
 .data          0x00000830        0x0 /home/dirk/tutorial/glibc/glibc_build/elf/rtld-libc.a(rtld-_exit.os)
 .data          0x00000830        0x0 /home/dirk/tutorial/glibc/glibc_build/elf/rtld-libc.a(rtld-getpid.os)
 .data          0x00000830        0x0 /home/dirk/tutorial/glibc/glibc_build/elf/rtld-libc.a(rtld-environ.os)
 .data          0x00000830        0x0 /home/dirk/tutorial/glibc/glibc_build/elf/rtld-libc.a(rtld-setjmp.os)
 .data          0x00000830        0x0 /home/dirk/tutorial/glibc/glibc_build/elf/rtld-libc.a(rtld-__longjmp.os)
 .data          0x00000830        0x0 /home/dirk/tutorial/glibc/glibc_build/elf/rtld-libc.a(rtld-sigaction.os)
 .data          0x00000830        0x0 /home/dirk/tutorial/glibc/glibc_build/elf/rtld-libc.a(rtld-sigrestorer.os)
 .data          0x00000830        0x0 /home/dirk/tutorial/glibc/glibc_build/elf/rtld-libc.a(rtld-strchr.os)
 .data          0x00000830        0x0 /home/dirk/tutorial/glibc/glibc_build/elf/rtld-libc.a(rtld-strcmp.os)
 .data          0x00000830        0x0 /home/dirk/tutorial/glibc/glibc_build/elf/rtld-libc.a(rtld-strcpy.os)
 .data          0x00000830        0x0 /home/dirk/tutorial/glibc/glibc_build/elf/rtld-libc.a(rtld-strlen.os)
 .data          0x00000830        0x0 /home/dirk/tutorial/glibc/glibc_build/elf/rtld-libc.a(rtld-strnlen.os)
 .data          0x00000830        0x0 /home/dirk/tutorial/glibc/glibc_build/elf/rtld-libc.a(rtld-memchr.os)
 .data          0x00000830        0x0 /home/dirk/tutorial/glibc/glibc_build/elf/rtld-libc.a(rtld-memcmp.os)
 .data          0x00000830        0x0 /home/dirk/tutorial/glibc/glibc_build/elf/rtld-libc.a(rtld-memmove.os)
 .data          0x00000830        0x0 /home/dirk/tutorial/glibc/glibc_build/elf/rtld-libc.a(rtld-memset.os)
 .data          0x00000830        0x0 /home/dirk/tutorial/glibc/glibc_build/elf/rtld-libc.a(rtld-mempcpy.os)
 .data          0x00000830        0x0 /home/dirk/tutorial/glibc/glibc_build/elf/rtld-libc.a(rtld-stpcpy.os)
 .data          0x00000830        0x0 /home/dirk/tutorial/glibc/glibc_build/elf/rtld-libc.a(rtld-memcpy.os)
 .data          0x00000830        0x0 /home/dirk/tutorial/glibc/glibc_build/elf/rtld-libc.a(rtld-wordcopy.os)
 .data          0x00000830        0x0 /home/dirk/tutorial/glibc/glibc_build/elf/rtld-libc.a(rtld-rawmemchr.os)
 .data          0x00000830        0x0 /home/dirk/tutorial/glibc/glibc_build/elf/rtld-libc.a(rtld-setitimer.os)
 .data          0x00000830        0x0 /home/dirk/tutorial/glibc/glibc_build/elf/rtld-libc.a(rtld-sysdep.os)
 .data          0x00000830        0x0 /home/dirk/CodeSourcery/Sourcery_CodeBench_Lite_for_ARM_GNU_Linux/bin/../lib/gcc/arm-none-linux-gnueabi/4.6.1/libgcc.a(_udivsi3.o)
 .data          0x00000830        0x0 /home/dirk/CodeSourcery/Sourcery_CodeBench_Lite_for_ARM_GNU_Linux/bin/../lib/gcc/arm-none-linux-gnueabi/4.6.1/libgcc.a(_divsi3.o)
 .data          0x00000830        0x0 /home/dirk/CodeSourcery/Sourcery_CodeBench_Lite_for_ARM_GNU_Linux/bin/../lib/gcc/arm-none-linux-gnueabi/4.6.1/libgcc.a(_aeabi_uldivmod.o)
 .data          0x00000830        0x0 /home/dirk/CodeSourcery/Sourcery_CodeBench_Lite_for_ARM_GNU_Linux/bin/../lib/gcc/arm-none-linux-gnueabi/4.6.1/libgcc.a(_dvmd_lnx.o)
 .data          0x00000830        0x0 /home/dirk/CodeSourcery/Sourcery_CodeBench_Lite_for_ARM_GNU_Linux/bin/../lib/gcc/arm-none-linux-gnueabi/4.6.1/libgcc.a(bpabi.o)
 .data          0x00000830        0x0 /home/dirk/CodeSourcery/Sourcery_CodeBench_Lite_for_ARM_GNU_Linux/bin/../lib/gcc/arm-none-linux-gnueabi/4.6.1/libgcc.a(_divdi3.o)
 .data          0x00000830        0x0 /home/dirk/CodeSourcery/Sourcery_CodeBench_Lite_for_ARM_GNU_Linux/bin/../lib/gcc/arm-none-linux-gnueabi/4.6.1/libgcc.a(_udivdi3.o)
 .data          0x00000830        0x0 /home/dirk/tutorial/glibc/glibc_build/elf/rtld-libc.a(rtld-raise.os)

.data.rel.ro    0x00000000      0x1fc
 .data.rel.ro   0x00000000      0x1fc /home/dirk/tutorial/glibc/glibc_build/elf/dl-allobjs.os
                0x00000000                _dl_argc
                0x00000004                __pointer_chk_guard
                0x00000004                __pointer_chk_guard_local
                0x00000058                _rtld_global_ro
                0x00000058                _rtld_local_ro
                0x000001c8                __stack_chk_guard
                0x000001e4                __stack_prot
                0x000001f0                __libc_stack_end
                0x000001f0                __GI___libc_stack_end
                0x000001f4                _dl_random
                0x000001f8                __libc_enable_secure_internal
                0x000001f8                __libc_enable_secure

.data1
 *(.data1)

.bss            0x00000000       0xc8
 *(.dynbss)
 *(.bss)
 .bss           0x00000000       0xb4 /home/dirk/tutorial/glibc/glibc_build/elf/dl-allobjs.os
                0x0000003c                _dl_argv_internal
                0x0000003c                _dl_argv
                0x0000009c                __libc_multiple_libcs
                0x000000ac                __curbrk
 .bss           0x000000b4        0x0 /home/dirk/tutorial/glibc/glibc_build/elf/rtld-libc.a(rtld-check_fds.os)
 .bss           0x000000b4        0x0 /home/dirk/tutorial/glibc/glibc_build/elf/rtld-libc.a(rtld-errno.os)
 .bss           0x000000b4        0x0 /home/dirk/tutorial/glibc/glibc_build/elf/rtld-libc.a(rtld-closedir.os)
 .bss           0x000000b4        0x0 /home/dirk/tutorial/glibc/glibc_build/elf/rtld-libc.a(rtld-readdir.os)
 .bss           0x000000b4        0x0 /home/dirk/tutorial/glibc/glibc_build/elf/rtld-libc.a(rtld-rewinddir.os)
 .bss           0x000000b4        0x0 /home/dirk/tutorial/glibc/glibc_build/elf/rtld-libc.a(rtld-getdents.os)
 .bss           0x000000b4        0x0 /home/dirk/tutorial/glibc/glibc_build/elf/rtld-libc.a(rtld-fdopendir.os)
 .bss           0x000000b4       0x10 /home/dirk/tutorial/glibc/glibc_build/elf/rtld-libc.a(rtld-profil.os)
 .bss           0x000000c4        0x0 /home/dirk/tutorial/glibc/glibc_build/elf/rtld-libc.a(rtld-prof-freq.os)
 .bss           0x000000c4        0x0 /home/dirk/tutorial/glibc/glibc_build/elf/rtld-libc.a(rtld-xstat64.os)
 .bss           0x000000c4        0x0 /home/dirk/tutorial/glibc/glibc_build/elf/rtld-libc.a(rtld-fxstat64.os)
 .bss           0x000000c4        0x0 /home/dirk/tutorial/glibc/glibc_build/elf/rtld-libc.a(rtld-lxstat64.os)
 .bss           0x000000c4        0x0 /home/dirk/tutorial/glibc/glibc_build/elf/rtld-libc.a(rtld-open.os)
 .bss           0x000000c4        0x0 /home/dirk/tutorial/glibc/glibc_build/elf/rtld-libc.a(rtld-close.os)
 .bss           0x000000c4        0x0 /home/dirk/tutorial/glibc/glibc_build/elf/rtld-libc.a(rtld-read.os)
 .bss           0x000000c4        0x0 /home/dirk/tutorial/glibc/glibc_build/elf/rtld-libc.a(rtld-write.os)
 .bss           0x000000c4        0x0 /home/dirk/tutorial/glibc/glibc_build/elf/rtld-libc.a(rtld-lseek.os)
 .bss           0x000000c4        0x0 /home/dirk/tutorial/glibc/glibc_build/elf/rtld-libc.a(rtld-access.os)
 .bss           0x000000c4        0x0 /home/dirk/tutorial/glibc/glibc_build/elf/rtld-libc.a(rtld-fcntl.os)
 .bss           0x000000c4        0x0 /home/dirk/tutorial/glibc/glibc_build/elf/rtld-libc.a(rtld-getpagesize.os)
 .bss           0x000000c4        0x0 /home/dirk/tutorial/glibc/glibc_build/elf/rtld-libc.a(rtld-mmap.os)
 .bss           0x000000c4        0x0 /home/dirk/tutorial/glibc/glibc_build/elf/rtld-libc.a(rtld-munmap.os)
 .bss           0x000000c4        0x0 /home/dirk/tutorial/glibc/glibc_build/elf/rtld-libc.a(rtld-mprotect.os)
 .bss           0x000000c4        0x0 /home/dirk/tutorial/glibc/glibc_build/elf/rtld-libc.a(rtld-uname.os)
 .bss           0x000000c4        0x0 /home/dirk/tutorial/glibc/glibc_build/elf/rtld-libc.a(rtld-_exit.os)
 .bss           0x000000c4        0x0 /home/dirk/tutorial/glibc/glibc_build/elf/rtld-libc.a(rtld-getpid.os)
 .bss           0x000000c4        0x4 /home/dirk/tutorial/glibc/glibc_build/elf/rtld-libc.a(rtld-environ.os)
                0x000000c4                _environ
                0x000000c4                __environ
                0x000000c4                environ
 .bss           0x000000c8        0x0 /home/dirk/tutorial/glibc/glibc_build/elf/rtld-libc.a(rtld-setjmp.os)
 .bss           0x000000c8        0x0 /home/dirk/tutorial/glibc/glibc_build/elf/rtld-libc.a(rtld-__longjmp.os)
 .bss           0x000000c8        0x0 /home/dirk/tutorial/glibc/glibc_build/elf/rtld-libc.a(rtld-sigaction.os)
 .bss           0x000000c8        0x0 /home/dirk/tutorial/glibc/glibc_build/elf/rtld-libc.a(rtld-sigrestorer.os)
 .bss           0x000000c8        0x0 /home/dirk/tutorial/glibc/glibc_build/elf/rtld-libc.a(rtld-strchr.os)
 .bss           0x000000c8        0x0 /home/dirk/tutorial/glibc/glibc_build/elf/rtld-libc.a(rtld-strcmp.os)
 .bss           0x000000c8        0x0 /home/dirk/tutorial/glibc/glibc_build/elf/rtld-libc.a(rtld-strcpy.os)
 .bss           0x000000c8        0x0 /home/dirk/tutorial/glibc/glibc_build/elf/rtld-libc.a(rtld-strlen.os)
 .bss           0x000000c8        0x0 /home/dirk/tutorial/glibc/glibc_build/elf/rtld-libc.a(rtld-strnlen.os)
 .bss           0x000000c8        0x0 /home/dirk/tutorial/glibc/glibc_build/elf/rtld-libc.a(rtld-memchr.os)
 .bss           0x000000c8        0x0 /home/dirk/tutorial/glibc/glibc_build/elf/rtld-libc.a(rtld-memcmp.os)
 .bss           0x000000c8        0x0 /home/dirk/tutorial/glibc/glibc_build/elf/rtld-libc.a(rtld-memmove.os)
 .bss           0x000000c8        0x0 /home/dirk/tutorial/glibc/glibc_build/elf/rtld-libc.a(rtld-memset.os)
 .bss           0x000000c8        0x0 /home/dirk/tutorial/glibc/glibc_build/elf/rtld-libc.a(rtld-mempcpy.os)
 .bss           0x000000c8        0x0 /home/dirk/tutorial/glibc/glibc_build/elf/rtld-libc.a(rtld-stpcpy.os)
 .bss           0x000000c8        0x0 /home/dirk/tutorial/glibc/glibc_build/elf/rtld-libc.a(rtld-memcpy.os)
 .bss           0x000000c8        0x0 /home/dirk/tutorial/glibc/glibc_build/elf/rtld-libc.a(rtld-wordcopy.os)
 .bss           0x000000c8        0x0 /home/dirk/tutorial/glibc/glibc_build/elf/rtld-libc.a(rtld-rawmemchr.os)
 .bss           0x000000c8        0x0 /home/dirk/tutorial/glibc/glibc_build/elf/rtld-libc.a(rtld-setitimer.os)
 .bss           0x000000c8        0x0 /home/dirk/tutorial/glibc/glibc_build/elf/rtld-libc.a(rtld-sysdep.os)
 .bss           0x000000c8        0x0 /home/dirk/CodeSourcery/Sourcery_CodeBench_Lite_for_ARM_GNU_Linux/bin/../lib/gcc/arm-none-linux-gnueabi/4.6.1/libgcc.a(_udivsi3.o)
 .bss           0x000000c8        0x0 /home/dirk/CodeSourcery/Sourcery_CodeBench_Lite_for_ARM_GNU_Linux/bin/../lib/gcc/arm-none-linux-gnueabi/4.6.1/libgcc.a(_divsi3.o)
 .bss           0x000000c8        0x0 /home/dirk/CodeSourcery/Sourcery_CodeBench_Lite_for_ARM_GNU_Linux/bin/../lib/gcc/arm-none-linux-gnueabi/4.6.1/libgcc.a(_aeabi_uldivmod.o)
 .bss           0x000000c8        0x0 /home/dirk/CodeSourcery/Sourcery_CodeBench_Lite_for_ARM_GNU_Linux/bin/../lib/gcc/arm-none-linux-gnueabi/4.6.1/libgcc.a(_dvmd_lnx.o)
 .bss           0x000000c8        0x0 /home/dirk/CodeSourcery/Sourcery_CodeBench_Lite_for_ARM_GNU_Linux/bin/../lib/gcc/arm-none-linux-gnueabi/4.6.1/libgcc.a(bpabi.o)
 .bss           0x000000c8        0x0 /home/dirk/CodeSourcery/Sourcery_CodeBench_Lite_for_ARM_GNU_Linux/bin/../lib/gcc/arm-none-linux-gnueabi/4.6.1/libgcc.a(_divdi3.o)
 .bss           0x000000c8        0x0 /home/dirk/CodeSourcery/Sourcery_CodeBench_Lite_for_ARM_GNU_Linux/bin/../lib/gcc/arm-none-linux-gnueabi/4.6.1/libgcc.a(_udivdi3.o)
 .bss           0x000000c8        0x0 /home/dirk/tutorial/glibc/glibc_build/elf/rtld-libc.a(rtld-raise.os)
 *(COMMON)
 COMMON         0x000000c8        0x0 /home/dirk/tutorial/glibc/glibc_build/elf/dl-allobjs.os
 COMMON         0x000000c8        0x0 /home/dirk/tutorial/glibc/glibc_build/elf/rtld-libc.a(rtld-errno.os)

.stab
 *(.stab)

.stabstr
 *(.stabstr)

.stab.excl
 *(.stab.excl)

.stab.exclstr
 *(.stab.exclstr)

.stab.index
 *(.stab.index)

.stab.indexstr
 *(.stab.indexstr)

.comment        0x00000000      0xc0f
 *(.comment)
 .comment       0x00000000      0x682 /home/dirk/tutorial/glibc/glibc_build/elf/dl-allobjs.os
 .comment       0x00000682       0x31 /home/dirk/tutorial/glibc/glibc_build/elf/rtld-libc.a(rtld-check_fds.os)
 .comment       0x000006b3       0x31 /home/dirk/tutorial/glibc/glibc_build/elf/rtld-libc.a(rtld-errno.os)
 .comment       0x000006e4       0x31 /home/dirk/tutorial/glibc/glibc_build/elf/rtld-libc.a(rtld-closedir.os)
 .comment       0x00000715       0x31 /home/dirk/tutorial/glibc/glibc_build/elf/rtld-libc.a(rtld-readdir.os)
 .comment       0x00000746       0x31 /home/dirk/tutorial/glibc/glibc_build/elf/rtld-libc.a(rtld-rewinddir.os)
 .comment       0x00000777       0x31 /home/dirk/tutorial/glibc/glibc_build/elf/rtld-libc.a(rtld-getdents.os)
 .comment       0x000007a8       0x31 /home/dirk/tutorial/glibc/glibc_build/elf/rtld-libc.a(rtld-fdopendir.os)
 .comment       0x000007d9       0x31 /home/dirk/tutorial/glibc/glibc_build/elf/rtld-libc.a(rtld-profil.os)
 .comment       0x0000080a       0x31 /home/dirk/tutorial/glibc/glibc_build/elf/rtld-libc.a(rtld-prof-freq.os)
 .comment       0x0000083b       0x31 /home/dirk/tutorial/glibc/glibc_build/elf/rtld-libc.a(rtld-xstat64.os)
 .comment       0x0000086c       0x31 /home/dirk/tutorial/glibc/glibc_build/elf/rtld-libc.a(rtld-fxstat64.os)
 .comment       0x0000089d       0x31 /home/dirk/tutorial/glibc/glibc_build/elf/rtld-libc.a(rtld-lxstat64.os)
 .comment       0x000008ce       0x31 /home/dirk/tutorial/glibc/glibc_build/elf/rtld-libc.a(rtld-fcntl.os)
 .comment       0x000008ff       0x31 /home/dirk/tutorial/glibc/glibc_build/elf/rtld-libc.a(rtld-getpagesize.os)
 .comment       0x00000930       0x31 /home/dirk/tutorial/glibc/glibc_build/elf/rtld-libc.a(rtld-_exit.os)
 .comment       0x00000961       0x31 /home/dirk/tutorial/glibc/glibc_build/elf/rtld-libc.a(rtld-getpid.os)
 .comment       0x00000992       0x31 /home/dirk/tutorial/glibc/glibc_build/elf/rtld-libc.a(rtld-environ.os)
 .comment       0x000009c3       0x31 /home/dirk/tutorial/glibc/glibc_build/elf/rtld-libc.a(rtld-sigaction.os)
 .comment       0x000009f4       0x31 /home/dirk/tutorial/glibc/glibc_build/elf/rtld-libc.a(rtld-strchr.os)
 .comment       0x00000a25       0x31 /home/dirk/tutorial/glibc/glibc_build/elf/rtld-libc.a(rtld-strcmp.os)
 .comment       0x00000a56       0x31 /home/dirk/tutorial/glibc/glibc_build/elf/rtld-libc.a(rtld-strcpy.os)
 .comment       0x00000a87       0x31 /home/dirk/tutorial/glibc/glibc_build/elf/rtld-libc.a(rtld-strnlen.os)
 .comment       0x00000ab8       0x31 /home/dirk/tutorial/glibc/glibc_build/elf/rtld-libc.a(rtld-memchr.os)
 .comment       0x00000ae9       0x31 /home/dirk/tutorial/glibc/glibc_build/elf/rtld-libc.a(rtld-memcmp.os)
 .comment       0x00000b1a       0x31 /home/dirk/tutorial/glibc/glibc_build/elf/rtld-libc.a(rtld-mempcpy.os)
 .comment       0x00000b4b       0x31 /home/dirk/tutorial/glibc/glibc_build/elf/rtld-libc.a(rtld-stpcpy.os)
 .comment       0x00000b7c       0x31 /home/dirk/tutorial/glibc/glibc_build/elf/rtld-libc.a(rtld-wordcopy.os)
 .comment       0x00000bad       0x31 /home/dirk/tutorial/glibc/glibc_build/elf/rtld-libc.a(rtld-rawmemchr.os)
 .comment       0x00000bde       0x31 /home/dirk/tutorial/glibc/glibc_build/elf/rtld-libc.a(rtld-raise.os)

.note.GNU-stack
                0x00000000        0x0
 .note.GNU-stack
                0x00000000        0x0 /home/dirk/tutorial/glibc/glibc_build/elf/dl-allobjs.os
 .note.GNU-stack
                0x00000000        0x0 /home/dirk/tutorial/glibc/glibc_build/elf/rtld-libc.a(rtld-check_fds.os)
 .note.GNU-stack
                0x00000000        0x0 /home/dirk/tutorial/glibc/glibc_build/elf/rtld-libc.a(rtld-errno.os)
 .note.GNU-stack
                0x00000000        0x0 /home/dirk/tutorial/glibc/glibc_build/elf/rtld-libc.a(rtld-closedir.os)
 .note.GNU-stack
                0x00000000        0x0 /home/dirk/tutorial/glibc/glibc_build/elf/rtld-libc.a(rtld-readdir.os)
 .note.GNU-stack
                0x00000000        0x0 /home/dirk/tutorial/glibc/glibc_build/elf/rtld-libc.a(rtld-rewinddir.os)
 .note.GNU-stack
                0x00000000        0x0 /home/dirk/tutorial/glibc/glibc_build/elf/rtld-libc.a(rtld-getdents.os)
 .note.GNU-stack
                0x00000000        0x0 /home/dirk/tutorial/glibc/glibc_build/elf/rtld-libc.a(rtld-fdopendir.os)
 .note.GNU-stack
                0x00000000        0x0 /home/dirk/tutorial/glibc/glibc_build/elf/rtld-libc.a(rtld-profil.os)
 .note.GNU-stack
                0x00000000        0x0 /home/dirk/tutorial/glibc/glibc_build/elf/rtld-libc.a(rtld-prof-freq.os)
 .note.GNU-stack
                0x00000000        0x0 /home/dirk/tutorial/glibc/glibc_build/elf/rtld-libc.a(rtld-xstat64.os)
 .note.GNU-stack
                0x00000000        0x0 /home/dirk/tutorial/glibc/glibc_build/elf/rtld-libc.a(rtld-fxstat64.os)
 .note.GNU-stack
                0x00000000        0x0 /home/dirk/tutorial/glibc/glibc_build/elf/rtld-libc.a(rtld-lxstat64.os)
 .note.GNU-stack
                0x00000000        0x0 /home/dirk/tutorial/glibc/glibc_build/elf/rtld-libc.a(rtld-open.os)
 .note.GNU-stack
                0x00000000        0x0 /home/dirk/tutorial/glibc/glibc_build/elf/rtld-libc.a(rtld-close.os)
 .note.GNU-stack
                0x00000000        0x0 /home/dirk/tutorial/glibc/glibc_build/elf/rtld-libc.a(rtld-read.os)
 .note.GNU-stack
                0x00000000        0x0 /home/dirk/tutorial/glibc/glibc_build/elf/rtld-libc.a(rtld-write.os)
 .note.GNU-stack
                0x00000000        0x0 /home/dirk/tutorial/glibc/glibc_build/elf/rtld-libc.a(rtld-lseek.os)
 .note.GNU-stack
                0x00000000        0x0 /home/dirk/tutorial/glibc/glibc_build/elf/rtld-libc.a(rtld-access.os)
 .note.GNU-stack
                0x00000000        0x0 /home/dirk/tutorial/glibc/glibc_build/elf/rtld-libc.a(rtld-fcntl.os)
 .note.GNU-stack
                0x00000000        0x0 /home/dirk/tutorial/glibc/glibc_build/elf/rtld-libc.a(rtld-getpagesize.os)
 .note.GNU-stack
                0x00000000        0x0 /home/dirk/tutorial/glibc/glibc_build/elf/rtld-libc.a(rtld-mmap.os)
 .note.GNU-stack
                0x00000000        0x0 /home/dirk/tutorial/glibc/glibc_build/elf/rtld-libc.a(rtld-munmap.os)
 .note.GNU-stack
                0x00000000        0x0 /home/dirk/tutorial/glibc/glibc_build/elf/rtld-libc.a(rtld-mprotect.os)
 .note.GNU-stack
                0x00000000        0x0 /home/dirk/tutorial/glibc/glibc_build/elf/rtld-libc.a(rtld-uname.os)
 .note.GNU-stack
                0x00000000        0x0 /home/dirk/tutorial/glibc/glibc_build/elf/rtld-libc.a(rtld-_exit.os)
 .note.GNU-stack
                0x00000000        0x0 /home/dirk/tutorial/glibc/glibc_build/elf/rtld-libc.a(rtld-getpid.os)
 .note.GNU-stack
                0x00000000        0x0 /home/dirk/tutorial/glibc/glibc_build/elf/rtld-libc.a(rtld-environ.os)
 .note.GNU-stack
                0x00000000        0x0 /home/dirk/tutorial/glibc/glibc_build/elf/rtld-libc.a(rtld-setjmp.os)
 .note.GNU-stack
                0x00000000        0x0 /home/dirk/tutorial/glibc/glibc_build/elf/rtld-libc.a(rtld-__longjmp.os)
 .note.GNU-stack
                0x00000000        0x0 /home/dirk/tutorial/glibc/glibc_build/elf/rtld-libc.a(rtld-sigaction.os)
 .note.GNU-stack
                0x00000000        0x0 /home/dirk/tutorial/glibc/glibc_build/elf/rtld-libc.a(rtld-sigrestorer.os)
 .note.GNU-stack
                0x00000000        0x0 /home/dirk/tutorial/glibc/glibc_build/elf/rtld-libc.a(rtld-strchr.os)
 .note.GNU-stack
                0x00000000        0x0 /home/dirk/tutorial/glibc/glibc_build/elf/rtld-libc.a(rtld-strcmp.os)
 .note.GNU-stack
                0x00000000        0x0 /home/dirk/tutorial/glibc/glibc_build/elf/rtld-libc.a(rtld-strcpy.os)
 .note.GNU-stack
                0x00000000        0x0 /home/dirk/tutorial/glibc/glibc_build/elf/rtld-libc.a(rtld-strlen.os)
 .note.GNU-stack
                0x00000000        0x0 /home/dirk/tutorial/glibc/glibc_build/elf/rtld-libc.a(rtld-strnlen.os)
 .note.GNU-stack
                0x00000000        0x0 /home/dirk/tutorial/glibc/glibc_build/elf/rtld-libc.a(rtld-memchr.os)
 .note.GNU-stack
                0x00000000        0x0 /home/dirk/tutorial/glibc/glibc_build/elf/rtld-libc.a(rtld-memcmp.os)
 .note.GNU-stack
                0x00000000        0x0 /home/dirk/tutorial/glibc/glibc_build/elf/rtld-libc.a(rtld-memmove.os)
 .note.GNU-stack
                0x00000000        0x0 /home/dirk/tutorial/glibc/glibc_build/elf/rtld-libc.a(rtld-memset.os)
 .note.GNU-stack
                0x00000000        0x0 /home/dirk/tutorial/glibc/glibc_build/elf/rtld-libc.a(rtld-mempcpy.os)
 .note.GNU-stack
                0x00000000        0x0 /home/dirk/tutorial/glibc/glibc_build/elf/rtld-libc.a(rtld-stpcpy.os)
 .note.GNU-stack
                0x00000000        0x0 /home/dirk/tutorial/glibc/glibc_build/elf/rtld-libc.a(rtld-memcpy.os)
 .note.GNU-stack
                0x00000000        0x0 /home/dirk/tutorial/glibc/glibc_build/elf/rtld-libc.a(rtld-wordcopy.os)
 .note.GNU-stack
                0x00000000        0x0 /home/dirk/tutorial/glibc/glibc_build/elf/rtld-libc.a(rtld-rawmemchr.os)
 .note.GNU-stack
                0x00000000        0x0 /home/dirk/tutorial/glibc/glibc_build/elf/rtld-libc.a(rtld-setitimer.os)
 .note.GNU-stack
                0x00000000        0x0 /home/dirk/tutorial/glibc/glibc_build/elf/rtld-libc.a(rtld-sysdep.os)
 .note.GNU-stack
                0x00000000        0x0 /home/dirk/CodeSourcery/Sourcery_CodeBench_Lite_for_ARM_GNU_Linux/bin/../lib/gcc/arm-none-linux-gnueabi/4.6.1/libgcc.a(_udivsi3.o)
 .note.GNU-stack
                0x00000000        0x0 /home/dirk/CodeSourcery/Sourcery_CodeBench_Lite_for_ARM_GNU_Linux/bin/../lib/gcc/arm-none-linux-gnueabi/4.6.1/libgcc.a(_divsi3.o)
 .note.GNU-stack
                0x00000000        0x0 /home/dirk/CodeSourcery/Sourcery_CodeBench_Lite_for_ARM_GNU_Linux/bin/../lib/gcc/arm-none-linux-gnueabi/4.6.1/libgcc.a(_aeabi_uldivmod.o)
 .note.GNU-stack
                0x00000000        0x0 /home/dirk/CodeSourcery/Sourcery_CodeBench_Lite_for_ARM_GNU_Linux/bin/../lib/gcc/arm-none-linux-gnueabi/4.6.1/libgcc.a(_dvmd_lnx.o)
 .note.GNU-stack
                0x00000000        0x0 /home/dirk/CodeSourcery/Sourcery_CodeBench_Lite_for_ARM_GNU_Linux/bin/../lib/gcc/arm-none-linux-gnueabi/4.6.1/libgcc.a(bpabi.o)
 .note.GNU-stack
                0x00000000        0x0 /home/dirk/CodeSourcery/Sourcery_CodeBench_Lite_for_ARM_GNU_Linux/bin/../lib/gcc/arm-none-linux-gnueabi/4.6.1/libgcc.a(_divdi3.o)
 .note.GNU-stack
                0x00000000        0x0 /home/dirk/CodeSourcery/Sourcery_CodeBench_Lite_for_ARM_GNU_Linux/bin/../lib/gcc/arm-none-linux-gnueabi/4.6.1/libgcc.a(_udivdi3.o)
 .note.GNU-stack
                0x00000000        0x0 /home/dirk/tutorial/glibc/glibc_build/elf/rtld-libc.a(rtld-raise.os)

.ARM.attributes
                0x00000000       0x2f
 .ARM.attributes
                0x00000000       0x2f /home/dirk/tutorial/glibc/glibc_build/elf/dl-allobjs.os
 .ARM.attributes
                0x0000002f       0x2f /home/dirk/tutorial/glibc/glibc_build/elf/rtld-libc.a(rtld-check_fds.os)
 .ARM.attributes
                0x0000005e       0x2f /home/dirk/tutorial/glibc/glibc_build/elf/rtld-libc.a(rtld-errno.os)
 .ARM.attributes
                0x0000008d       0x2f /home/dirk/tutorial/glibc/glibc_build/elf/rtld-libc.a(rtld-closedir.os)
 .ARM.attributes
                0x000000bc       0x2f /home/dirk/tutorial/glibc/glibc_build/elf/rtld-libc.a(rtld-readdir.os)
 .ARM.attributes
                0x000000eb       0x2f /home/dirk/tutorial/glibc/glibc_build/elf/rtld-libc.a(rtld-rewinddir.os)
 .ARM.attributes
                0x0000011a       0x2f /home/dirk/tutorial/glibc/glibc_build/elf/rtld-libc.a(rtld-getdents.os)
 .ARM.attributes
                0x00000149       0x2f /home/dirk/tutorial/glibc/glibc_build/elf/rtld-libc.a(rtld-fdopendir.os)
 .ARM.attributes
                0x00000178       0x2f /home/dirk/tutorial/glibc/glibc_build/elf/rtld-libc.a(rtld-profil.os)
 .ARM.attributes
                0x000001a7       0x2f /home/dirk/tutorial/glibc/glibc_build/elf/rtld-libc.a(rtld-prof-freq.os)
 .ARM.attributes
                0x000001d6       0x2f /home/dirk/tutorial/glibc/glibc_build/elf/rtld-libc.a(rtld-xstat64.os)
 .ARM.attributes
                0x00000205       0x2f /home/dirk/tutorial/glibc/glibc_build/elf/rtld-libc.a(rtld-fxstat64.os)
 .ARM.attributes
                0x00000234       0x2f /home/dirk/tutorial/glibc/glibc_build/elf/rtld-libc.a(rtld-lxstat64.os)
 .ARM.attributes
                0x00000263       0x21 /home/dirk/tutorial/glibc/glibc_build/elf/rtld-libc.a(rtld-open.os)
 .ARM.attributes
                0x00000284       0x21 /home/dirk/tutorial/glibc/glibc_build/elf/rtld-libc.a(rtld-close.os)
 .ARM.attributes
                0x000002a5       0x21 /home/dirk/tutorial/glibc/glibc_build/elf/rtld-libc.a(rtld-read.os)
 .ARM.attributes
                0x000002c6       0x21 /home/dirk/tutorial/glibc/glibc_build/elf/rtld-libc.a(rtld-write.os)
 .ARM.attributes
                0x000002e7       0x21 /home/dirk/tutorial/glibc/glibc_build/elf/rtld-libc.a(rtld-lseek.os)
 .ARM.attributes
                0x00000308       0x21 /home/dirk/tutorial/glibc/glibc_build/elf/rtld-libc.a(rtld-access.os)
 .ARM.attributes
                0x00000329       0x2f /home/dirk/tutorial/glibc/glibc_build/elf/rtld-libc.a(rtld-fcntl.os)
 .ARM.attributes
                0x00000358       0x2f /home/dirk/tutorial/glibc/glibc_build/elf/rtld-libc.a(rtld-getpagesize.os)
 .ARM.attributes
                0x00000387       0x21 /home/dirk/tutorial/glibc/glibc_build/elf/rtld-libc.a(rtld-mmap.os)
 .ARM.attributes
                0x000003a8       0x21 /home/dirk/tutorial/glibc/glibc_build/elf/rtld-libc.a(rtld-munmap.os)
 .ARM.attributes
                0x000003c9       0x21 /home/dirk/tutorial/glibc/glibc_build/elf/rtld-libc.a(rtld-mprotect.os)
 .ARM.attributes
                0x000003ea       0x21 /home/dirk/tutorial/glibc/glibc_build/elf/rtld-libc.a(rtld-uname.os)
 .ARM.attributes
                0x0000040b       0x2f /home/dirk/tutorial/glibc/glibc_build/elf/rtld-libc.a(rtld-_exit.os)
 .ARM.attributes
                0x0000043a       0x2f /home/dirk/tutorial/glibc/glibc_build/elf/rtld-libc.a(rtld-getpid.os)
 .ARM.attributes
                0x00000469       0x2f /home/dirk/tutorial/glibc/glibc_build/elf/rtld-libc.a(rtld-environ.os)
 .ARM.attributes
                0x00000498       0x21 /home/dirk/tutorial/glibc/glibc_build/elf/rtld-libc.a(rtld-setjmp.os)
 .ARM.attributes
                0x000004b9       0x21 /home/dirk/tutorial/glibc/glibc_build/elf/rtld-libc.a(rtld-__longjmp.os)
 .ARM.attributes
                0x000004da       0x2f /home/dirk/tutorial/glibc/glibc_build/elf/rtld-libc.a(rtld-sigaction.os)
 .ARM.attributes
                0x00000509       0x21 /home/dirk/tutorial/glibc/glibc_build/elf/rtld-libc.a(rtld-sigrestorer.os)
 .ARM.attributes
                0x0000052a       0x2f /home/dirk/tutorial/glibc/glibc_build/elf/rtld-libc.a(rtld-strchr.os)
 .ARM.attributes
                0x00000559       0x2f /home/dirk/tutorial/glibc/glibc_build/elf/rtld-libc.a(rtld-strcmp.os)
 .ARM.attributes
                0x00000588       0x2f /home/dirk/tutorial/glibc/glibc_build/elf/rtld-libc.a(rtld-strcpy.os)
 .ARM.attributes
                0x000005b7       0x21 /home/dirk/tutorial/glibc/glibc_build/elf/rtld-libc.a(rtld-strlen.os)
 .ARM.attributes
                0x000005d8       0x2f /home/dirk/tutorial/glibc/glibc_build/elf/rtld-libc.a(rtld-strnlen.os)
 .ARM.attributes
                0x00000607       0x2f /home/dirk/tutorial/glibc/glibc_build/elf/rtld-libc.a(rtld-memchr.os)
 .ARM.attributes
                0x00000636       0x2f /home/dirk/tutorial/glibc/glibc_build/elf/rtld-libc.a(rtld-memcmp.os)
 .ARM.attributes
                0x00000665       0x21 /home/dirk/tutorial/glibc/glibc_build/elf/rtld-libc.a(rtld-memmove.os)
 .ARM.attributes
                0x00000686       0x21 /home/dirk/tutorial/glibc/glibc_build/elf/rtld-libc.a(rtld-memset.os)
 .ARM.attributes
                0x000006a7       0x2f /home/dirk/tutorial/glibc/glibc_build/elf/rtld-libc.a(rtld-mempcpy.os)
 .ARM.attributes
                0x000006d6       0x2f /home/dirk/tutorial/glibc/glibc_build/elf/rtld-libc.a(rtld-stpcpy.os)
 .ARM.attributes
                0x00000705       0x21 /home/dirk/tutorial/glibc/glibc_build/elf/rtld-libc.a(rtld-memcpy.os)
 .ARM.attributes
                0x00000726       0x2f /home/dirk/tutorial/glibc/glibc_build/elf/rtld-libc.a(rtld-wordcopy.os)
 .ARM.attributes
                0x00000755       0x2f /home/dirk/tutorial/glibc/glibc_build/elf/rtld-libc.a(rtld-rawmemchr.os)
 .ARM.attributes
                0x00000784       0x21 /home/dirk/tutorial/glibc/glibc_build/elf/rtld-libc.a(rtld-setitimer.os)
 .ARM.attributes
                0x000007a5       0x21 /home/dirk/tutorial/glibc/glibc_build/elf/rtld-libc.a(rtld-sysdep.os)
 .ARM.attributes
                0x000007c6       0x1f /home/dirk/CodeSourcery/Sourcery_CodeBench_Lite_for_ARM_GNU_Linux/bin/../lib/gcc/arm-none-linux-gnueabi/4.6.1/libgcc.a(_udivsi3.o)
 .ARM.attributes
                0x000007e5       0x1f /home/dirk/CodeSourcery/Sourcery_CodeBench_Lite_for_ARM_GNU_Linux/bin/../lib/gcc/arm-none-linux-gnueabi/4.6.1/libgcc.a(_divsi3.o)
 .ARM.attributes
                0x00000804       0x1f /home/dirk/CodeSourcery/Sourcery_CodeBench_Lite_for_ARM_GNU_Linux/bin/../lib/gcc/arm-none-linux-gnueabi/4.6.1/libgcc.a(_aeabi_uldivmod.o)
 .ARM.attributes
                0x00000823       0x1f /home/dirk/CodeSourcery/Sourcery_CodeBench_Lite_for_ARM_GNU_Linux/bin/../lib/gcc/arm-none-linux-gnueabi/4.6.1/libgcc.a(_dvmd_lnx.o)
 .ARM.attributes
                0x00000842       0x2d /home/dirk/CodeSourcery/Sourcery_CodeBench_Lite_for_ARM_GNU_Linux/bin/../lib/gcc/arm-none-linux-gnueabi/4.6.1/libgcc.a(bpabi.o)
 .ARM.attributes
                0x0000086f       0x2d /home/dirk/CodeSourcery/Sourcery_CodeBench_Lite_for_ARM_GNU_Linux/bin/../lib/gcc/arm-none-linux-gnueabi/4.6.1/libgcc.a(_divdi3.o)
 .ARM.attributes
                0x0000089c       0x2d /home/dirk/CodeSourcery/Sourcery_CodeBench_Lite_for_ARM_GNU_Linux/bin/../lib/gcc/arm-none-linux-gnueabi/4.6.1/libgcc.a(_udivdi3.o)
 .ARM.attributes
                0x000008c9       0x2f /home/dirk/tutorial/glibc/glibc_build/elf/rtld-libc.a(rtld-raise.os)

.debug
 *(.debug)

.line
 *(.line)

.debug_srcinfo
 *(.debug_srcinfo)

.debug_sfnames
 *(.debug_sfnames)

.debug_aranges  0x00000000      0x7e8
 *(.debug_aranges)
 .debug_aranges
                0x00000000      0x488 /home/dirk/tutorial/glibc/glibc_build/elf/dl-allobjs.os
 .debug_aranges
                0x00000488       0x20 /home/dirk/tutorial/glibc/glibc_build/elf/rtld-libc.a(rtld-check_fds.os)
 .debug_aranges
                0x000004a8       0x20 /home/dirk/tutorial/glibc/glibc_build/elf/rtld-libc.a(rtld-closedir.os)
 .debug_aranges
                0x000004c8       0x20 /home/dirk/tutorial/glibc/glibc_build/elf/rtld-libc.a(rtld-readdir.os)
 .debug_aranges
                0x000004e8       0x20 /home/dirk/tutorial/glibc/glibc_build/elf/rtld-libc.a(rtld-rewinddir.os)
 .debug_aranges
                0x00000508       0x20 /home/dirk/tutorial/glibc/glibc_build/elf/rtld-libc.a(rtld-getdents.os)
 .debug_aranges
                0x00000528       0x20 /home/dirk/tutorial/glibc/glibc_build/elf/rtld-libc.a(rtld-fdopendir.os)
 .debug_aranges
                0x00000548       0x20 /home/dirk/tutorial/glibc/glibc_build/elf/rtld-libc.a(rtld-profil.os)
 .debug_aranges
                0x00000568       0x20 /home/dirk/tutorial/glibc/glibc_build/elf/rtld-libc.a(rtld-prof-freq.os)
 .debug_aranges
                0x00000588       0x20 /home/dirk/tutorial/glibc/glibc_build/elf/rtld-libc.a(rtld-xstat64.os)
 .debug_aranges
                0x000005a8       0x20 /home/dirk/tutorial/glibc/glibc_build/elf/rtld-libc.a(rtld-fxstat64.os)
 .debug_aranges
                0x000005c8       0x20 /home/dirk/tutorial/glibc/glibc_build/elf/rtld-libc.a(rtld-lxstat64.os)
 .debug_aranges
                0x000005e8       0x20 /home/dirk/tutorial/glibc/glibc_build/elf/rtld-libc.a(rtld-fcntl.os)
 .debug_aranges
                0x00000608       0x20 /home/dirk/tutorial/glibc/glibc_build/elf/rtld-libc.a(rtld-getpagesize.os)
 .debug_aranges
                0x00000628       0x20 /home/dirk/tutorial/glibc/glibc_build/elf/rtld-libc.a(rtld-_exit.os)
 .debug_aranges
                0x00000648       0x20 /home/dirk/tutorial/glibc/glibc_build/elf/rtld-libc.a(rtld-getpid.os)
 .debug_aranges
                0x00000668       0x20 /home/dirk/tutorial/glibc/glibc_build/elf/rtld-libc.a(rtld-sigaction.os)
 .debug_aranges
                0x00000688       0x20 /home/dirk/tutorial/glibc/glibc_build/elf/rtld-libc.a(rtld-strchr.os)
 .debug_aranges
                0x000006a8       0x20 /home/dirk/tutorial/glibc/glibc_build/elf/rtld-libc.a(rtld-strcmp.os)
 .debug_aranges
                0x000006c8       0x20 /home/dirk/tutorial/glibc/glibc_build/elf/rtld-libc.a(rtld-strcpy.os)
 .debug_aranges
                0x000006e8       0x20 /home/dirk/tutorial/glibc/glibc_build/elf/rtld-libc.a(rtld-strnlen.os)
 .debug_aranges
                0x00000708       0x20 /home/dirk/tutorial/glibc/glibc_build/elf/rtld-libc.a(rtld-memchr.os)
 .debug_aranges
                0x00000728       0x20 /home/dirk/tutorial/glibc/glibc_build/elf/rtld-libc.a(rtld-memcmp.os)
 .debug_aranges
                0x00000748       0x20 /home/dirk/tutorial/glibc/glibc_build/elf/rtld-libc.a(rtld-mempcpy.os)
 .debug_aranges
                0x00000768       0x20 /home/dirk/tutorial/glibc/glibc_build/elf/rtld-libc.a(rtld-stpcpy.os)
 .debug_aranges
                0x00000788       0x20 /home/dirk/tutorial/glibc/glibc_build/elf/rtld-libc.a(rtld-wordcopy.os)
 .debug_aranges
                0x000007a8       0x20 /home/dirk/tutorial/glibc/glibc_build/elf/rtld-libc.a(rtld-rawmemchr.os)
 .debug_aranges
                0x000007c8       0x20 /home/dirk/tutorial/glibc/glibc_build/elf/rtld-libc.a(rtld-raise.os)

.debug_pubnames
 *(.debug_pubnames)

.debug_info     0x00000000    0x5652b
 *(.debug_info)
 .debug_info    0x00000000    0x4c0fc /home/dirk/tutorial/glibc/glibc_build/elf/dl-allobjs.os
 .debug_info    0x0004c0fc      0x410 /home/dirk/tutorial/glibc/glibc_build/elf/rtld-libc.a(rtld-check_fds.os)
 .debug_info    0x0004c50c       0x8c /home/dirk/tutorial/glibc/glibc_build/elf/rtld-libc.a(rtld-errno.os)
 .debug_info    0x0004c598      0x2bc /home/dirk/tutorial/glibc/glibc_build/elf/rtld-libc.a(rtld-closedir.os)
 .debug_info    0x0004c854      0x345 /home/dirk/tutorial/glibc/glibc_build/elf/rtld-libc.a(rtld-readdir.os)
 .debug_info    0x0004cb99      0x244 /home/dirk/tutorial/glibc/glibc_build/elf/rtld-libc.a(rtld-rewinddir.os)
 .debug_info    0x0004cddd      0x2fe /home/dirk/tutorial/glibc/glibc_build/elf/rtld-libc.a(rtld-getdents.os)
 .debug_info    0x0004d0db      0x433 /home/dirk/tutorial/glibc/glibc_build/elf/rtld-libc.a(rtld-fdopendir.os)
 .debug_info    0x0004d50e      0x7bd /home/dirk/tutorial/glibc/glibc_build/elf/rtld-libc.a(rtld-profil.os)
 .debug_info    0x0004dccb     0x1abb /home/dirk/tutorial/glibc/glibc_build/elf/rtld-libc.a(rtld-prof-freq.os)
 .debug_info    0x0004f786      0x319 /home/dirk/tutorial/glibc/glibc_build/elf/rtld-libc.a(rtld-xstat64.os)
 .debug_info    0x0004fa9f      0x30d /home/dirk/tutorial/glibc/glibc_build/elf/rtld-libc.a(rtld-fxstat64.os)
 .debug_info    0x0004fdac      0x319 /home/dirk/tutorial/glibc/glibc_build/elf/rtld-libc.a(rtld-lxstat64.os)
 .debug_info    0x000500c5      0x289 /home/dirk/tutorial/glibc/glibc_build/elf/rtld-libc.a(rtld-fcntl.os)
 .debug_info    0x0005034e     0x1ae6 /home/dirk/tutorial/glibc/glibc_build/elf/rtld-libc.a(rtld-getpagesize.os)
 .debug_info    0x00051e34      0x155 /home/dirk/tutorial/glibc/glibc_build/elf/rtld-libc.a(rtld-_exit.os)
 .debug_info    0x00051f89       0xe0 /home/dirk/tutorial/glibc/glibc_build/elf/rtld-libc.a(rtld-getpid.os)
 .debug_info    0x00052069       0xde /home/dirk/tutorial/glibc/glibc_build/elf/rtld-libc.a(rtld-environ.os)
 .debug_info    0x00052147     0x2030 /home/dirk/tutorial/glibc/glibc_build/elf/rtld-libc.a(rtld-sigaction.os)
 .debug_info    0x00054177      0x13e /home/dirk/tutorial/glibc/glibc_build/elf/rtld-libc.a(rtld-strchr.os)
 .debug_info    0x000542b5       0xf0 /home/dirk/tutorial/glibc/glibc_build/elf/rtld-libc.a(rtld-strcmp.os)
 .debug_info    0x000543a5      0x108 /home/dirk/tutorial/glibc/glibc_build/elf/rtld-libc.a(rtld-strcpy.os)
 .debug_info    0x000544ad      0x136 /home/dirk/tutorial/glibc/glibc_build/elf/rtld-libc.a(rtld-strnlen.os)
 .debug_info    0x000545e3      0x14c /home/dirk/tutorial/glibc/glibc_build/elf/rtld-libc.a(rtld-memchr.os)
 .debug_info    0x0005472f      0x6d8 /home/dirk/tutorial/glibc/glibc_build/elf/rtld-libc.a(rtld-memcmp.os)
 .debug_info    0x00054e07      0x157 /home/dirk/tutorial/glibc/glibc_build/elf/rtld-libc.a(rtld-mempcpy.os)
 .debug_info    0x00054f5e       0xd1 /home/dirk/tutorial/glibc/glibc_build/elf/rtld-libc.a(rtld-stpcpy.os)
 .debug_info    0x0005502f      0x397 /home/dirk/tutorial/glibc/glibc_build/elf/rtld-libc.a(rtld-wordcopy.os)
 .debug_info    0x000553c6      0x132 /home/dirk/tutorial/glibc/glibc_build/elf/rtld-libc.a(rtld-rawmemchr.os)
 .debug_info    0x000554f8     0x1033 /home/dirk/tutorial/glibc/glibc_build/elf/rtld-libc.a(rtld-raise.os)

.debug_abbrev   0x00000000     0x8147
 *(.debug_abbrev)
 .debug_abbrev  0x00000000     0x62a6 /home/dirk/tutorial/glibc/glibc_build/elf/dl-allobjs.os
 .debug_abbrev  0x000062a6      0x13c /home/dirk/tutorial/glibc/glibc_build/elf/rtld-libc.a(rtld-check_fds.os)
 .debug_abbrev  0x000063e2       0x3b /home/dirk/tutorial/glibc/glibc_build/elf/rtld-libc.a(rtld-errno.os)
 .debug_abbrev  0x0000641d      0x114 /home/dirk/tutorial/glibc/glibc_build/elf/rtld-libc.a(rtld-closedir.os)
 .debug_abbrev  0x00006531      0x132 /home/dirk/tutorial/glibc/glibc_build/elf/rtld-libc.a(rtld-readdir.os)
 .debug_abbrev  0x00006663       0xda /home/dirk/tutorial/glibc/glibc_build/elf/rtld-libc.a(rtld-rewinddir.os)
 .debug_abbrev  0x0000673d      0x128 /home/dirk/tutorial/glibc/glibc_build/elf/rtld-libc.a(rtld-getdents.os)
 .debug_abbrev  0x00006865      0x10d /home/dirk/tutorial/glibc/glibc_build/elf/rtld-libc.a(rtld-fdopendir.os)
 .debug_abbrev  0x00006972      0x1e3 /home/dirk/tutorial/glibc/glibc_build/elf/rtld-libc.a(rtld-profil.os)
 .debug_abbrev  0x00006b55      0x1f0 /home/dirk/tutorial/glibc/glibc_build/elf/rtld-libc.a(rtld-prof-freq.os)
 .debug_abbrev  0x00006d45       0xdb /home/dirk/tutorial/glibc/glibc_build/elf/rtld-libc.a(rtld-xstat64.os)
 .debug_abbrev  0x00006e20       0xd4 /home/dirk/tutorial/glibc/glibc_build/elf/rtld-libc.a(rtld-fxstat64.os)
 .debug_abbrev  0x00006ef4       0xdb /home/dirk/tutorial/glibc/glibc_build/elf/rtld-libc.a(rtld-lxstat64.os)
 .debug_abbrev  0x00006fcf      0x15d /home/dirk/tutorial/glibc/glibc_build/elf/rtld-libc.a(rtld-fcntl.os)
 .debug_abbrev  0x0000712c      0x1ff /home/dirk/tutorial/glibc/glibc_build/elf/rtld-libc.a(rtld-getpagesize.os)
 .debug_abbrev  0x0000732b       0xa7 /home/dirk/tutorial/glibc/glibc_build/elf/rtld-libc.a(rtld-_exit.os)
 .debug_abbrev  0x000073d2       0x82 /home/dirk/tutorial/glibc/glibc_build/elf/rtld-libc.a(rtld-getpid.os)
 .debug_abbrev  0x00007454       0x66 /home/dirk/tutorial/glibc/glibc_build/elf/rtld-libc.a(rtld-environ.os)
 .debug_abbrev  0x000074ba      0x2ae /home/dirk/tutorial/glibc/glibc_build/elf/rtld-libc.a(rtld-sigaction.os)
 .debug_abbrev  0x00007768       0xa5 /home/dirk/tutorial/glibc/glibc_build/elf/rtld-libc.a(rtld-strchr.os)
 .debug_abbrev  0x0000780d       0x80 /home/dirk/tutorial/glibc/glibc_build/elf/rtld-libc.a(rtld-strcmp.os)
 .debug_abbrev  0x0000788d       0xa9 /home/dirk/tutorial/glibc/glibc_build/elf/rtld-libc.a(rtld-strcpy.os)
 .debug_abbrev  0x00007936       0xb0 /home/dirk/tutorial/glibc/glibc_build/elf/rtld-libc.a(rtld-strnlen.os)
 .debug_abbrev  0x000079e6       0xdc /home/dirk/tutorial/glibc/glibc_build/elf/rtld-libc.a(rtld-memchr.os)
 .debug_abbrev  0x00007ac2      0x15a /home/dirk/tutorial/glibc/glibc_build/elf/rtld-libc.a(rtld-memcmp.os)
 .debug_abbrev  0x00007c1c       0xba /home/dirk/tutorial/glibc/glibc_build/elf/rtld-libc.a(rtld-mempcpy.os)
 .debug_abbrev  0x00007cd6       0x8b /home/dirk/tutorial/glibc/glibc_build/elf/rtld-libc.a(rtld-stpcpy.os)
 .debug_abbrev  0x00007d61      0x12a /home/dirk/tutorial/glibc/glibc_build/elf/rtld-libc.a(rtld-wordcopy.os)
 .debug_abbrev  0x00007e8b       0xaf /home/dirk/tutorial/glibc/glibc_build/elf/rtld-libc.a(rtld-rawmemchr.os)
 .debug_abbrev  0x00007f3a      0x20d /home/dirk/tutorial/glibc/glibc_build/elf/rtld-libc.a(rtld-raise.os)

.debug_line     0x00000000     0xdac6
 *(.debug_line)
 .debug_line    0x00000000     0xb203 /home/dirk/tutorial/glibc/glibc_build/elf/dl-allobjs.os
 .debug_line    0x0000b203      0x10c /home/dirk/tutorial/glibc/glibc_build/elf/rtld-libc.a(rtld-check_fds.os)
 .debug_line    0x0000b30f       0x28 /home/dirk/tutorial/glibc/glibc_build/elf/rtld-libc.a(rtld-errno.os)
 .debug_line    0x0000b337      0x1c4 /home/dirk/tutorial/glibc/glibc_build/elf/rtld-libc.a(rtld-closedir.os)
 .debug_line    0x0000b4fb      0x20f /home/dirk/tutorial/glibc/glibc_build/elf/rtld-libc.a(rtld-readdir.os)
 .debug_line    0x0000b70a      0x1a1 /home/dirk/tutorial/glibc/glibc_build/elf/rtld-libc.a(rtld-rewinddir.os)
 .debug_line    0x0000b8ab      0x1f1 /home/dirk/tutorial/glibc/glibc_build/elf/rtld-libc.a(rtld-getdents.os)
 .debug_line    0x0000ba9c      0x1fc /home/dirk/tutorial/glibc/glibc_build/elf/rtld-libc.a(rtld-fdopendir.os)
 .debug_line    0x0000bc98      0x313 /home/dirk/tutorial/glibc/glibc_build/elf/rtld-libc.a(rtld-profil.os)
 .debug_line    0x0000bfab      0x22f /home/dirk/tutorial/glibc/glibc_build/elf/rtld-libc.a(rtld-prof-freq.os)
 .debug_line    0x0000c1da       0xc8 /home/dirk/tutorial/glibc/glibc_build/elf/rtld-libc.a(rtld-xstat64.os)
 .debug_line    0x0000c2a2       0xc9 /home/dirk/tutorial/glibc/glibc_build/elf/rtld-libc.a(rtld-fxstat64.os)
 .debug_line    0x0000c36b       0xc9 /home/dirk/tutorial/glibc/glibc_build/elf/rtld-libc.a(rtld-lxstat64.os)
 .debug_line    0x0000c434      0x198 /home/dirk/tutorial/glibc/glibc_build/elf/rtld-libc.a(rtld-fcntl.os)
 .debug_line    0x0000c5cc      0x236 /home/dirk/tutorial/glibc/glibc_build/elf/rtld-libc.a(rtld-getpagesize.os)
 .debug_line    0x0000c802       0x74 /home/dirk/tutorial/glibc/glibc_build/elf/rtld-libc.a(rtld-_exit.os)
 .debug_line    0x0000c876       0x82 /home/dirk/tutorial/glibc/glibc_build/elf/rtld-libc.a(rtld-getpid.os)
 .debug_line    0x0000c8f8       0x3f /home/dirk/tutorial/glibc/glibc_build/elf/rtld-libc.a(rtld-environ.os)
 .debug_line    0x0000c937      0x377 /home/dirk/tutorial/glibc/glibc_build/elf/rtld-libc.a(rtld-sigaction.os)
 .debug_line    0x0000ccae       0x8e /home/dirk/tutorial/glibc/glibc_build/elf/rtld-libc.a(rtld-strchr.os)
 .debug_line    0x0000cd3c       0x3f /home/dirk/tutorial/glibc/glibc_build/elf/rtld-libc.a(rtld-strcmp.os)
 .debug_line    0x0000cd7b       0xd0 /home/dirk/tutorial/glibc/glibc_build/elf/rtld-libc.a(rtld-strcpy.os)
 .debug_line    0x0000ce4b      0x194 /home/dirk/tutorial/glibc/glibc_build/elf/rtld-libc.a(rtld-strnlen.os)
 .debug_line    0x0000cfdf      0x191 /home/dirk/tutorial/glibc/glibc_build/elf/rtld-libc.a(rtld-memchr.os)
 .debug_line    0x0000d170      0x258 /home/dirk/tutorial/glibc/glibc_build/elf/rtld-libc.a(rtld-memcmp.os)
 .debug_line    0x0000d3c8      0x121 /home/dirk/tutorial/glibc/glibc_build/elf/rtld-libc.a(rtld-mempcpy.os)
 .debug_line    0x0000d4e9       0x46 /home/dirk/tutorial/glibc/glibc_build/elf/rtld-libc.a(rtld-stpcpy.os)
 .debug_line    0x0000d52f      0x1ff /home/dirk/tutorial/glibc/glibc_build/elf/rtld-libc.a(rtld-wordcopy.os)
 .debug_line    0x0000d72e       0x6c /home/dirk/tutorial/glibc/glibc_build/elf/rtld-libc.a(rtld-rawmemchr.os)
 .debug_line    0x0000d79a      0x32c /home/dirk/tutorial/glibc/glibc_build/elf/rtld-libc.a(rtld-raise.os)

.debug_frame    0x00000000     0x2104
 *(.debug_frame)
 .debug_frame   0x00000000     0x160c /home/dirk/tutorial/glibc/glibc_build/elf/dl-allobjs.os
 .debug_frame   0x0000160c       0x4c /home/dirk/tutorial/glibc/glibc_build/elf/rtld-libc.a(rtld-check_fds.os)
 .debug_frame   0x00001658       0x2c /home/dirk/tutorial/glibc/glibc_build/elf/rtld-libc.a(rtld-closedir.os)
 .debug_frame   0x00001684       0x2c /home/dirk/tutorial/glibc/glibc_build/elf/rtld-libc.a(rtld-readdir.os)
 .debug_frame   0x000016b0       0x28 /home/dirk/tutorial/glibc/glibc_build/elf/rtld-libc.a(rtld-rewinddir.os)
 .debug_frame   0x000016d8       0x30 /home/dirk/tutorial/glibc/glibc_build/elf/rtld-libc.a(rtld-getdents.os)
 .debug_frame   0x00001708       0x2c /home/dirk/tutorial/glibc/glibc_build/elf/rtld-libc.a(rtld-fdopendir.os)
 .debug_frame   0x00001734       0x3c /home/dirk/tutorial/glibc/glibc_build/elf/rtld-libc.a(rtld-profil.os)
 .debug_frame   0x00001770       0x20 /home/dirk/tutorial/glibc/glibc_build/elf/rtld-libc.a(rtld-prof-freq.os)
 .debug_frame   0x00001790       0x28 /home/dirk/tutorial/glibc/glibc_build/elf/rtld-libc.a(rtld-xstat64.os)
 .debug_frame   0x000017b8       0x28 /home/dirk/tutorial/glibc/glibc_build/elf/rtld-libc.a(rtld-fxstat64.os)
 .debug_frame   0x000017e0       0x28 /home/dirk/tutorial/glibc/glibc_build/elf/rtld-libc.a(rtld-lxstat64.os)
 .debug_frame   0x00001808       0x2c /home/dirk/tutorial/glibc/glibc_build/elf/rtld-libc.a(rtld-open.os)
 .debug_frame   0x00001834       0x2c /home/dirk/tutorial/glibc/glibc_build/elf/rtld-libc.a(rtld-close.os)
 .debug_frame   0x00001860       0x2c /home/dirk/tutorial/glibc/glibc_build/elf/rtld-libc.a(rtld-read.os)
 .debug_frame   0x0000188c       0x2c /home/dirk/tutorial/glibc/glibc_build/elf/rtld-libc.a(rtld-write.os)
 .debug_frame   0x000018b8       0x2c /home/dirk/tutorial/glibc/glibc_build/elf/rtld-libc.a(rtld-lseek.os)
 .debug_frame   0x000018e4       0x2c /home/dirk/tutorial/glibc/glibc_build/elf/rtld-libc.a(rtld-access.os)
 .debug_frame   0x00001910       0x34 /home/dirk/tutorial/glibc/glibc_build/elf/rtld-libc.a(rtld-fcntl.os)
 .debug_frame   0x00001944       0x28 /home/dirk/tutorial/glibc/glibc_build/elf/rtld-libc.a(rtld-getpagesize.os)
 .debug_frame   0x0000196c       0x40 /home/dirk/tutorial/glibc/glibc_build/elf/rtld-libc.a(rtld-mmap.os)
 .debug_frame   0x000019ac       0x2c /home/dirk/tutorial/glibc/glibc_build/elf/rtld-libc.a(rtld-munmap.os)
 .debug_frame   0x000019d8       0x2c /home/dirk/tutorial/glibc/glibc_build/elf/rtld-libc.a(rtld-mprotect.os)
 .debug_frame   0x00001a04       0x2c /home/dirk/tutorial/glibc/glibc_build/elf/rtld-libc.a(rtld-uname.os)
 .debug_frame   0x00001a30       0x28 /home/dirk/tutorial/glibc/glibc_build/elf/rtld-libc.a(rtld-_exit.os)
 .debug_frame   0x00001a58       0x28 /home/dirk/tutorial/glibc/glibc_build/elf/rtld-libc.a(rtld-getpid.os)
 .debug_frame   0x00001a80       0x20 /home/dirk/tutorial/glibc/glibc_build/elf/rtld-libc.a(rtld-setjmp.os)
 .debug_frame   0x00001aa0       0x2c /home/dirk/tutorial/glibc/glibc_build/elf/rtld-libc.a(rtld-__longjmp.os)
 .debug_frame   0x00001acc       0x44 /home/dirk/tutorial/glibc/glibc_build/elf/rtld-libc.a(rtld-sigaction.os)
 .debug_frame   0x00001b10      0x150 /home/dirk/tutorial/glibc/glibc_build/elf/rtld-libc.a(rtld-sigrestorer.os)
 .debug_frame   0x00001c60       0x30 /home/dirk/tutorial/glibc/glibc_build/elf/rtld-libc.a(rtld-strchr.os)
 .debug_frame   0x00001c90       0x20 /home/dirk/tutorial/glibc/glibc_build/elf/rtld-libc.a(rtld-strcmp.os)
 .debug_frame   0x00001cb0       0x20 /home/dirk/tutorial/glibc/glibc_build/elf/rtld-libc.a(rtld-strcpy.os)
 .debug_frame   0x00001cd0       0x20 /home/dirk/tutorial/glibc/glibc_build/elf/rtld-libc.a(rtld-strlen.os)
 .debug_frame   0x00001cf0       0x2c /home/dirk/tutorial/glibc/glibc_build/elf/rtld-libc.a(rtld-strnlen.os)
 .debug_frame   0x00001d1c       0x2c /home/dirk/tutorial/glibc/glibc_build/elf/rtld-libc.a(rtld-memchr.os)
 .debug_frame   0x00001d48       0x38 /home/dirk/tutorial/glibc/glibc_build/elf/rtld-libc.a(rtld-memcmp.os)
 .debug_frame   0x00001d80       0x7c /home/dirk/tutorial/glibc/glibc_build/elf/rtld-libc.a(rtld-memmove.os)
 .debug_frame   0x00001dfc       0x20 /home/dirk/tutorial/glibc/glibc_build/elf/rtld-libc.a(rtld-memset.os)
 .debug_frame   0x00001e1c       0x30 /home/dirk/tutorial/glibc/glibc_build/elf/rtld-libc.a(rtld-mempcpy.os)
 .debug_frame   0x00001e4c       0x20 /home/dirk/tutorial/glibc/glibc_build/elf/rtld-libc.a(rtld-stpcpy.os)
 .debug_frame   0x00001e6c       0x7c /home/dirk/tutorial/glibc/glibc_build/elf/rtld-libc.a(rtld-memcpy.os)
 .debug_frame   0x00001ee8       0x78 /home/dirk/tutorial/glibc/glibc_build/elf/rtld-libc.a(rtld-wordcopy.os)
 .debug_frame   0x00001f60       0x2c /home/dirk/tutorial/glibc/glibc_build/elf/rtld-libc.a(rtld-rawmemchr.os)
 .debug_frame   0x00001f8c       0x2c /home/dirk/tutorial/glibc/glibc_build/elf/rtld-libc.a(rtld-setitimer.os)
 .debug_frame   0x00001fb8       0x20 /home/dirk/tutorial/glibc/glibc_build/elf/rtld-libc.a(rtld-sysdep.os)
 .debug_frame   0x00001fd8       0x20 /home/dirk/CodeSourcery/Sourcery_CodeBench_Lite_for_ARM_GNU_Linux/bin/../lib/gcc/arm-none-linux-gnueabi/4.6.1/libgcc.a(_udivsi3.o)
 .debug_frame   0x00001ff8       0x20 /home/dirk/CodeSourcery/Sourcery_CodeBench_Lite_for_ARM_GNU_Linux/bin/../lib/gcc/arm-none-linux-gnueabi/4.6.1/libgcc.a(_divsi3.o)
 .debug_frame   0x00002018       0x54 /home/dirk/CodeSourcery/Sourcery_CodeBench_Lite_for_ARM_GNU_Linux/bin/../lib/gcc/arm-none-linux-gnueabi/4.6.1/libgcc.a(bpabi.o)
 .debug_frame   0x0000206c       0x38 /home/dirk/CodeSourcery/Sourcery_CodeBench_Lite_for_ARM_GNU_Linux/bin/../lib/gcc/arm-none-linux-gnueabi/4.6.1/libgcc.a(_divdi3.o)
 .debug_frame   0x000020a4       0x38 /home/dirk/CodeSourcery/Sourcery_CodeBench_Lite_for_ARM_GNU_Linux/bin/../lib/gcc/arm-none-linux-gnueabi/4.6.1/libgcc.a(_udivdi3.o)
 .debug_frame   0x000020dc       0x28 /home/dirk/tutorial/glibc/glibc_build/elf/rtld-libc.a(rtld-raise.os)

.debug_str      0x00000000    0x2eedd
 *(.debug_str)
 .debug_str     0x00000000    0x28c36 /home/dirk/tutorial/glibc/glibc_build/elf/dl-allobjs.os
 .debug_str     0x00028c36      0x28b /home/dirk/tutorial/glibc/glibc_build/elf/rtld-libc.a(rtld-check_fds.os)
 .debug_str     0x00028ec1       0xd9 /home/dirk/tutorial/glibc/glibc_build/elf/rtld-libc.a(rtld-errno.os)
 .debug_str     0x00028f9a      0x20a /home/dirk/tutorial/glibc/glibc_build/elf/rtld-libc.a(rtld-closedir.os)
 .debug_str     0x000291a4      0x25a /home/dirk/tutorial/glibc/glibc_build/elf/rtld-libc.a(rtld-readdir.os)
 .debug_str     0x000293fe      0x1ec /home/dirk/tutorial/glibc/glibc_build/elf/rtld-libc.a(rtld-rewinddir.os)
 .debug_str     0x000295ea      0x1e4 /home/dirk/tutorial/glibc/glibc_build/elf/rtld-libc.a(rtld-getdents.os)
 .debug_str     0x000297ce      0x331 /home/dirk/tutorial/glibc/glibc_build/elf/rtld-libc.a(rtld-fdopendir.os)
 .debug_str     0x00029aff      0x4b9 /home/dirk/tutorial/glibc/glibc_build/elf/rtld-libc.a(rtld-profil.os)
 .debug_str     0x00029fb8      0xee3 /home/dirk/tutorial/glibc/glibc_build/elf/rtld-libc.a(rtld-prof-freq.os)
 .debug_str     0x0002ae9b      0x25a /home/dirk/tutorial/glibc/glibc_build/elf/rtld-libc.a(rtld-xstat64.os)
 .debug_str     0x0002b0f5      0x257 /home/dirk/tutorial/glibc/glibc_build/elf/rtld-libc.a(rtld-fxstat64.os)
 .debug_str     0x0002b34c      0x25c /home/dirk/tutorial/glibc/glibc_build/elf/rtld-libc.a(rtld-lxstat64.os)
 .debug_str     0x0002b5a8      0x1ed /home/dirk/tutorial/glibc/glibc_build/elf/rtld-libc.a(rtld-fcntl.os)
 .debug_str     0x0002b795      0xef3 /home/dirk/tutorial/glibc/glibc_build/elf/rtld-libc.a(rtld-getpagesize.os)
 .debug_str     0x0002c688      0x116 /home/dirk/tutorial/glibc/glibc_build/elf/rtld-libc.a(rtld-_exit.os)
 .debug_str     0x0002c79e      0x10f /home/dirk/tutorial/glibc/glibc_build/elf/rtld-libc.a(rtld-getpid.os)
 .debug_str     0x0002c8ad       0xe7 /home/dirk/tutorial/glibc/glibc_build/elf/rtld-libc.a(rtld-environ.os)
 .debug_str     0x0002c994     0x1150 /home/dirk/tutorial/glibc/glibc_build/elf/rtld-libc.a(rtld-sigaction.os)
 .debug_str     0x0002dae4      0x10b /home/dirk/tutorial/glibc/glibc_build/elf/rtld-libc.a(rtld-strchr.os)
 .debug_str     0x0002dbef       0xd3 /home/dirk/tutorial/glibc/glibc_build/elf/rtld-libc.a(rtld-strcmp.os)
 .debug_str     0x0002dcc2       0xe9 /home/dirk/tutorial/glibc/glibc_build/elf/rtld-libc.a(rtld-strcpy.os)
 .debug_str     0x0002ddab      0x11c /home/dirk/tutorial/glibc/glibc_build/elf/rtld-libc.a(rtld-strnlen.os)
 .debug_str     0x0002dec7      0x114 /home/dirk/tutorial/glibc/glibc_build/elf/rtld-libc.a(rtld-memchr.os)
 .debug_str     0x0002dfdb      0x12c /home/dirk/tutorial/glibc/glibc_build/elf/rtld-libc.a(rtld-memcmp.os)
 .debug_str     0x0002e107      0x102 /home/dirk/tutorial/glibc/glibc_build/elf/rtld-libc.a(rtld-mempcpy.os)
 .debug_str     0x0002e209       0xda /home/dirk/tutorial/glibc/glibc_build/elf/rtld-libc.a(rtld-stpcpy.os)
 .debug_str     0x0002e2e3       0xf8 /home/dirk/tutorial/glibc/glibc_build/elf/rtld-libc.a(rtld-wordcopy.os)
 .debug_str     0x0002e3db      0x113 /home/dirk/tutorial/glibc/glibc_build/elf/rtld-libc.a(rtld-rawmemchr.os)
 .debug_str     0x0002e4ee      0x9ef /home/dirk/tutorial/glibc/glibc_build/elf/rtld-libc.a(rtld-raise.os)

.debug_loc      0x00000000    0x19069
 *(.debug_loc)
 .debug_loc     0x00000000    0x15e9d /home/dirk/tutorial/glibc/glibc_build/elf/dl-allobjs.os
 .debug_loc     0x00015e9d      0x19f /home/dirk/tutorial/glibc/glibc_build/elf/rtld-libc.a(rtld-check_fds.os)
 .debug_loc     0x0001603c       0xcd /home/dirk/tutorial/glibc/glibc_build/elf/rtld-libc.a(rtld-closedir.os)
 .debug_loc     0x00016109       0xcb /home/dirk/tutorial/glibc/glibc_build/elf/rtld-libc.a(rtld-readdir.os)
 .debug_loc     0x000161d4       0x3e /home/dirk/tutorial/glibc/glibc_build/elf/rtld-libc.a(rtld-rewinddir.os)
 .debug_loc     0x00016212      0x187 /home/dirk/tutorial/glibc/glibc_build/elf/rtld-libc.a(rtld-getdents.os)
 .debug_loc     0x00016399       0x74 /home/dirk/tutorial/glibc/glibc_build/elf/rtld-libc.a(rtld-fdopendir.os)
 .debug_loc     0x0001640d      0x13e /home/dirk/tutorial/glibc/glibc_build/elf/rtld-libc.a(rtld-profil.os)
 .debug_loc     0x0001654b      0x112 /home/dirk/tutorial/glibc/glibc_build/elf/rtld-libc.a(rtld-xstat64.os)
 .debug_loc     0x0001665d      0x112 /home/dirk/tutorial/glibc/glibc_build/elf/rtld-libc.a(rtld-fxstat64.os)
 .debug_loc     0x0001676f      0x112 /home/dirk/tutorial/glibc/glibc_build/elf/rtld-libc.a(rtld-lxstat64.os)
 .debug_loc     0x00016881       0xd0 /home/dirk/tutorial/glibc/glibc_build/elf/rtld-libc.a(rtld-fcntl.os)
 .debug_loc     0x00016951       0x20 /home/dirk/tutorial/glibc/glibc_build/elf/rtld-libc.a(rtld-getpagesize.os)
 .debug_loc     0x00016971       0xbb /home/dirk/tutorial/glibc/glibc_build/elf/rtld-libc.a(rtld-_exit.os)
 .debug_loc     0x00016a2c       0x46 /home/dirk/tutorial/glibc/glibc_build/elf/rtld-libc.a(rtld-getpid.os)
 .debug_loc     0x00016a72      0x2ac /home/dirk/tutorial/glibc/glibc_build/elf/rtld-libc.a(rtld-sigaction.os)
 .debug_loc     0x00016d1e      0x133 /home/dirk/tutorial/glibc/glibc_build/elf/rtld-libc.a(rtld-strchr.os)
 .debug_loc     0x00016e51       0x1e /home/dirk/tutorial/glibc/glibc_build/elf/rtld-libc.a(rtld-strcmp.os)
 .debug_loc     0x00016e6f       0x13 /home/dirk/tutorial/glibc/glibc_build/elf/rtld-libc.a(rtld-strcpy.os)
 .debug_loc     0x00016e82      0x1a8 /home/dirk/tutorial/glibc/glibc_build/elf/rtld-libc.a(rtld-strnlen.os)
 .debug_loc     0x0001702a      0x28a /home/dirk/tutorial/glibc/glibc_build/elf/rtld-libc.a(rtld-memchr.os)
 .debug_loc     0x000172b4      0xead /home/dirk/tutorial/glibc/glibc_build/elf/rtld-libc.a(rtld-memcmp.os)
 .debug_loc     0x00018161      0x1ab /home/dirk/tutorial/glibc/glibc_build/elf/rtld-libc.a(rtld-mempcpy.os)
 .debug_loc     0x0001830c       0x5a /home/dirk/tutorial/glibc/glibc_build/elf/rtld-libc.a(rtld-stpcpy.os)
 .debug_loc     0x00018366      0x915 /home/dirk/tutorial/glibc/glibc_build/elf/rtld-libc.a(rtld-wordcopy.os)
 .debug_loc     0x00018c7b      0x12c /home/dirk/tutorial/glibc/glibc_build/elf/rtld-libc.a(rtld-rawmemchr.os)
 .debug_loc     0x00018da7      0x2c2 /home/dirk/tutorial/glibc/glibc_build/elf/rtld-libc.a(rtld-raise.os)

.debug_macinfo
 *(.debug_macinfo)

.debug_weaknames
 *(.debug_weaknames)

.debug_funcnames
 *(.debug_funcnames)

.debug_typenames
 *(.debug_typenames)

.debug_varnames
 *(.debug_varnames)

.debug_pubtypes
 *(.debug_pubtypes)

.debug_ranges   0x00000000     0x56c0
 *(.debug_ranges)
 .debug_ranges  0x00000000     0x5148 /home/dirk/tutorial/glibc/glibc_build/elf/dl-allobjs.os
 .debug_ranges  0x00005148       0x18 /home/dirk/tutorial/glibc/glibc_build/elf/rtld-libc.a(rtld-check_fds.os)
 .debug_ranges  0x00005160       0x30 /home/dirk/tutorial/glibc/glibc_build/elf/rtld-libc.a(rtld-closedir.os)
 .debug_ranges  0x00005190       0x40 /home/dirk/tutorial/glibc/glibc_build/elf/rtld-libc.a(rtld-readdir.os)
 .debug_ranges  0x000051d0       0x30 /home/dirk/tutorial/glibc/glibc_build/elf/rtld-libc.a(rtld-getdents.os)
 .debug_ranges  0x00005200       0x20 /home/dirk/tutorial/glibc/glibc_build/elf/rtld-libc.a(rtld-profil.os)
 .debug_ranges  0x00005220       0x18 /home/dirk/tutorial/glibc/glibc_build/elf/rtld-libc.a(rtld-xstat64.os)
 .debug_ranges  0x00005238       0x18 /home/dirk/tutorial/glibc/glibc_build/elf/rtld-libc.a(rtld-fxstat64.os)
 .debug_ranges  0x00005250       0x18 /home/dirk/tutorial/glibc/glibc_build/elf/rtld-libc.a(rtld-lxstat64.os)
 .debug_ranges  0x00005268       0x18 /home/dirk/tutorial/glibc/glibc_build/elf/rtld-libc.a(rtld-fcntl.os)
 .debug_ranges  0x00005280       0x40 /home/dirk/tutorial/glibc/glibc_build/elf/rtld-libc.a(rtld-_exit.os)
 .debug_ranges  0x000052c0       0x30 /home/dirk/tutorial/glibc/glibc_build/elf/rtld-libc.a(rtld-sigaction.os)
 .debug_ranges  0x000052f0       0x20 /home/dirk/tutorial/glibc/glibc_build/elf/rtld-libc.a(rtld-strchr.os)
 .debug_ranges  0x00005310       0x30 /home/dirk/tutorial/glibc/glibc_build/elf/rtld-libc.a(rtld-strnlen.os)
 .debug_ranges  0x00005340       0x28 /home/dirk/tutorial/glibc/glibc_build/elf/rtld-libc.a(rtld-memchr.os)
 .debug_ranges  0x00005368      0x2b0 /home/dirk/tutorial/glibc/glibc_build/elf/rtld-libc.a(rtld-memcmp.os)
 .debug_ranges  0x00005618       0x70 /home/dirk/tutorial/glibc/glibc_build/elf/rtld-libc.a(rtld-mempcpy.os)
 .debug_ranges  0x00005688       0x20 /home/dirk/tutorial/glibc/glibc_build/elf/rtld-libc.a(rtld-rawmemchr.os)
 .debug_ranges  0x000056a8       0x18 /home/dirk/tutorial/glibc/glibc_build/elf/rtld-libc.a(rtld-raise.os)

.gnu.attributes
 *(.gnu.attributes)

.note.gnu.arm.ident
 *(.note.gnu.arm.ident)
OUTPUT(/home/dirk/tutorial/glibc/glibc_build/elf/librtld.os elf32-littlearm)